Component: ARM Compiler 5.06 update 5 (build 528) Tool: armlink [4d35e2]

==============================================================================

Section Cross References

    startup_stm32f10x_md.o(RESET) refers to startup_stm32f10x_md.o(STACK) for __initial_sp
    startup_stm32f10x_md.o(RESET) refers to startup_stm32f10x_md.o(.text) for Reset_Handler
    startup_stm32f10x_md.o(RESET) refers to stm32f10x_it.o(i.NMI_Handler) for NMI_Handler
    startup_stm32f10x_md.o(RESET) refers to stm32f10x_it.o(i.HardFault_Handler) for HardFault_Handler
    startup_stm32f10x_md.o(RESET) refers to stm32f10x_it.o(i.MemManage_Handler) for MemManage_Handler
    startup_stm32f10x_md.o(RESET) refers to stm32f10x_it.o(i.BusFault_Handler) for BusFault_Handler
    startup_stm32f10x_md.o(RESET) refers to stm32f10x_it.o(i.UsageFault_Handler) for UsageFault_Handler
    startup_stm32f10x_md.o(RESET) refers to stm32f10x_it.o(i.SVC_Handler) for SVC_Handler
    startup_stm32f10x_md.o(RESET) refers to stm32f10x_it.o(i.DebugMon_Handler) for DebugMon_Handler
    startup_stm32f10x_md.o(RESET) refers to stm32f10x_it.o(i.PendSV_Handler) for PendSV_Handler
    startup_stm32f10x_md.o(RESET) refers to stm32f10x_it.o(i.SysTick_Handler) for SysTick_Handler
    startup_stm32f10x_md.o(RESET) refers to bluetooth.o(i.TIM2_IRQHandler) for TIM2_IRQHandler
    startup_stm32f10x_md.o(RESET) refers to serial.o(i.USART1_IRQHandler) for USART1_IRQHandler
    startup_stm32f10x_md.o(RESET) refers to bluetooth.o(i.USART3_IRQHandler) for USART3_IRQHandler
    startup_stm32f10x_md.o(.text) refers to system_stm32f10x.o(i.SystemInit) for SystemInit
    startup_stm32f10x_md.o(.text) refers to entry.o(.ARM.Collect$$$$00000000) for __main
    system_stm32f10x.o(i.SetSysClock) refers to system_stm32f10x.o(i.SetSysClockTo72) for SetSysClockTo72
    system_stm32f10x.o(i.SystemCoreClockUpdate) refers to system_stm32f10x.o(.data) for SystemCoreClock
    system_stm32f10x.o(i.SystemInit) refers to system_stm32f10x.o(i.SetSysClock) for SetSysClock
    stm32f10x_adc.o(i.ADC_DeInit) refers to stm32f10x_rcc.o(i.RCC_APB2PeriphResetCmd) for RCC_APB2PeriphResetCmd
    stm32f10x_bkp.o(i.BKP_DeInit) refers to stm32f10x_rcc.o(i.RCC_BackupResetCmd) for RCC_BackupResetCmd
    stm32f10x_can.o(i.CAN_DeInit) refers to stm32f10x_rcc.o(i.RCC_APB1PeriphResetCmd) for RCC_APB1PeriphResetCmd
    stm32f10x_can.o(i.CAN_GetITStatus) refers to stm32f10x_can.o(i.CheckITStatus) for CheckITStatus
    stm32f10x_cec.o(i.CEC_DeInit) refers to stm32f10x_rcc.o(i.RCC_APB1PeriphResetCmd) for RCC_APB1PeriphResetCmd
    stm32f10x_dac.o(i.DAC_DeInit) refers to stm32f10x_rcc.o(i.RCC_APB1PeriphResetCmd) for RCC_APB1PeriphResetCmd
    stm32f10x_flash.o(i.FLASH_EnableWriteProtection) refers to stm32f10x_flash.o(i.FLASH_WaitForLastOperation) for FLASH_WaitForLastOperation
    stm32f10x_flash.o(i.FLASH_EraseAllBank1Pages) refers to stm32f10x_flash.o(i.FLASH_WaitForLastBank1Operation) for FLASH_WaitForLastBank1Operation
    stm32f10x_flash.o(i.FLASH_EraseAllPages) refers to stm32f10x_flash.o(i.FLASH_WaitForLastOperation) for FLASH_WaitForLastOperation
    stm32f10x_flash.o(i.FLASH_EraseOptionBytes) refers to stm32f10x_flash.o(i.FLASH_GetReadOutProtectionStatus) for FLASH_GetReadOutProtectionStatus
    stm32f10x_flash.o(i.FLASH_EraseOptionBytes) refers to stm32f10x_flash.o(i.FLASH_WaitForLastOperation) for FLASH_WaitForLastOperation
    stm32f10x_flash.o(i.FLASH_ErasePage) refers to stm32f10x_flash.o(i.FLASH_WaitForLastOperation) for FLASH_WaitForLastOperation
    stm32f10x_flash.o(i.FLASH_ProgramHalfWord) refers to stm32f10x_flash.o(i.FLASH_WaitForLastOperation) for FLASH_WaitForLastOperation
    stm32f10x_flash.o(i.FLASH_ProgramOptionByteData) refers to stm32f10x_flash.o(i.FLASH_WaitForLastOperation) for FLASH_WaitForLastOperation
    stm32f10x_flash.o(i.FLASH_ProgramWord) refers to stm32f10x_flash.o(i.FLASH_WaitForLastOperation) for FLASH_WaitForLastOperation
    stm32f10x_flash.o(i.FLASH_ReadOutProtection) refers to stm32f10x_flash.o(i.FLASH_WaitForLastOperation) for FLASH_WaitForLastOperation
    stm32f10x_flash.o(i.FLASH_UserOptionByteConfig) refers to stm32f10x_flash.o(i.FLASH_WaitForLastOperation) for FLASH_WaitForLastOperation
    stm32f10x_flash.o(i.FLASH_WaitForLastBank1Operation) refers to stm32f10x_flash.o(i.FLASH_GetBank1Status) for FLASH_GetBank1Status
    stm32f10x_flash.o(i.FLASH_WaitForLastOperation) refers to stm32f10x_flash.o(i.FLASH_GetBank1Status) for FLASH_GetBank1Status
    stm32f10x_gpio.o(i.GPIO_AFIODeInit) refers to stm32f10x_rcc.o(i.RCC_APB2PeriphResetCmd) for RCC_APB2PeriphResetCmd
    stm32f10x_gpio.o(i.GPIO_DeInit) refers to stm32f10x_rcc.o(i.RCC_APB2PeriphResetCmd) for RCC_APB2PeriphResetCmd
    stm32f10x_i2c.o(i.I2C_DeInit) refers to stm32f10x_rcc.o(i.RCC_APB1PeriphResetCmd) for RCC_APB1PeriphResetCmd
    stm32f10x_i2c.o(i.I2C_Init) refers to stm32f10x_rcc.o(i.RCC_GetClocksFreq) for RCC_GetClocksFreq
[...]
    i.get_object_item                        0x0800775c   Section        0  cjson.o(i.get_object_item)
    get_object_item                          0x0800775d   Thumb Code    82  cjson.o(i.get_object_item)
    i.internal_alloc                         0x080077b0   Section        0  mallocr.o(i.internal_alloc)
    internal_alloc                           0x080077b1   Thumb Code    76  mallocr.o(i.internal_alloc)
    i.main                                   0x08007800   Section        0  main.o(i.main)
    i.parse_ALLJSON                          0x08007a30   Section        0  bluetooth.o(i.parse_ALLJSON)
    i.parse_array                            0x08007bb0   Section        0  cjson.o(i.parse_array)
    parse_array                              0x08007bb1   Thumb Code   248  cjson.o(i.parse_array)
    i.parse_hex4                             0x08007ca8   Section        0  cjson.o(i.parse_hex4)
    parse_hex4                               0x08007ca9   Thumb Code    90  cjson.o(i.parse_hex4)
    i.parse_number                           0x08007d04   Section        0  cjson.o(i.parse_number)
    parse_number                             0x08007d05   Thumb Code   298  cjson.o(i.parse_number)
    i.parse_object                           0x08007e3c   Section        0  cjson.o(i.parse_object)
    parse_object                             0x08007e3d   Thumb Code   332  cjson.o(i.parse_object)
    i.parse_string                           0x08007f88   Section        0  cjson.o(i.parse_string)
    parse_string                             0x08007f89   Thumb Code   398  cjson.o(i.parse_string)
    i.parse_value                            0x08008118   Section        0  cjson.o(i.parse_value)
    parse_value                              0x08008119   Thumb Code   290  cjson.o(i.parse_value)
    i.print                                  0x08008254   Section        0  cjson.o(i.print)
    print                                    0x08008255   Thumb Code   188  cjson.o(i.print)
    i.print_array                            0x08008310   Section        0  cjson.o(i.print_array)
    print_array                              0x08008311   Thumb Code   178  cjson.o(i.print_array)
    i.print_number                           0x080083c4   Section        0  cjson.o(i.print_number)
    print_number                             0x080083c5   Thumb Code   304  cjson.o(i.print_number)
    i.print_object                           0x08008518   Section        0  cjson.o(i.print_object)
    print_object                             0x08008519   Thumb Code   372  cjson.o(i.print_object)
    i.print_string                           0x0800868c   Section        0  cjson.o(i.print_string)
    print_string                             0x0800868d   Thumb Code    16  cjson.o(i.print_string)
    i.print_string_ptr                       0x0800869c   Section        0  cjson.o(i.print_string_ptr)
    print_string_ptr                         0x0800869d   Thumb Code   360  cjson.o(i.print_string_ptr)
    i.print_value                            0x08008810   Section        0  cjson.o(i.print_value)
    print_value                              0x08008811   Thumb Code   236  cjson.o(i.print_value)
    i.read_Flash                             0x08008914   Section        0  flash.o(i.read_Flash)
    i.realloc                                0x0800891c   Section        0  mallocr.o(i.realloc)
    i.skip_utf8_bom                          0x08008988   Section        0  cjson.o(i.skip_utf8_bom)
    skip_utf8_bom                            0x08008989   Thumb Code    56  cjson.o(i.skip_utf8_bom)
    i.strtod                                 0x080089c4   Section        0  strtod.o(i.strtod)
    i.suffix_object                          0x080089e0   Section        0  cjson.o(i.suffix_object)
    suffix_object                            0x080089e1   Thumb Code     6  cjson.o(i.suffix_object)
    i.unLockBikeCommand1                     0x080089e6   Section        0  controller.o(i.unLockBikeCommand1)
    i.unLockBikeCommand2                     0x08008a16   Section        0  controller.o(i.unLockBikeCommand2)
    i.unLockBikeCommand3                     0x08008a4c   Section        0  controller.o(i.unLockBikeCommand3)
    i.update_offset                          0x08008a82   Section        0  cjson.o(i.update_offset)
    update_offset                            0x08008a83   Thumb Code    36  cjson.o(i.update_offset)
    i.utf16_literal_to_utf8                  0x08008aa6   Section        0  cjson.o(i.utf16_literal_to_utf8)
    utf16_literal_to_utf8                    0x08008aa7   Thumb Code   300  cjson.o(i.utf16_literal_to_utf8)
    .constdata                               0x08008bd2   Section      129  ctype_o.o(.constdata)
    .constdata                               0x08008c54   Section        4  ctype_o.o(.constdata)
    table                                    0x08008c54   Data           4  ctype_o.o(.constdata)
    [Anonymous Symbol]                       0x08008c58   Section        0  uECC.o(.rodata)
    RC                                       0x08008c58   Data         192  uECC.o(.rodata)
    curve_secp256k1                          0x08008d18   Data         180  uECC.o(.rodata)
    curve_secp192r1                          0x08008dcc   Data         180  uECC.o(.rodata)
    curve_secp224r1                          0x08008e80   Data         180  uECC.o(.rodata)
    curve_secp256r1                          0x08008f34   Data         180  uECC.o(.rodata)
    curve_secp160r1                          0x08008fe8   Data         180  uECC.o(.rodata)
    [Anonymous Symbol]                       0x0800949c   Section        0  uECC.o(.rodata.str1.1)
    .data                                    0x20000000   Section       20  stm32f10x_rcc.o(.data)
    APBAHBPrescTable                         0x20000000   Data          16  stm32f10x_rcc.o(.data)
    ADCPrescTable                            0x20000010   Data           4  stm32f10x_rcc.o(.data)
    .data                                    0x20000014   Section        3  serial.o(.data)
    RxState                                  0x20000015   Data           1  serial.o(.data)
    pRxPacket                                0x20000016   Data           1  serial.o(.data)
    .data                                    0x20000018   Section       24  ad.o(.data)
    .data                                    0x20000030   Section       28  bluetooth.o(.data)
    .data                                    0x2000004c   Section        8  battery.o(.data)
    .data                                    0x20000054   Section       12  flash.o(.data)
    .data                                    0x20000060   Section       16  main.o(.data)
    .data                                    0x20000070   Section       20  cjson.o(.data)
    global_error                             0x20000070   Data           8  cjson.o(.data)
    global_hooks                             0x20000078   Data          12  cjson.o(.data)
    .data                                    0x20000084   Section        4  mvars.o(.data)
    .data                                    0x20000088   Section        4  mvars.o(.data)
    .data                                    0x2000008c   Section        4  errno.o(.data)
    _errno                                   0x2000008c   Data           4  errno.o(.data)
    .bss                                     0x20000090   Section     1000  serial.o(.bss)
    .bss                                     0x20000478   Section     3652  bluetooth.o(.bss)
    .bss                                     0x200012bc   Section       42  battery.o(.bss)
    .bss                                     0x200012e8   Section     2111  flash.o(.bss)
    [Anonymous Symbol]                       0x20001b28   Section        0  uECC.o(.bss)
    g_rng_function                           0x20001b28   Data           4  uECC.o(.bss)
    HEAP                                     0x20001b30   Section     7168  startup_stm32f10x_md.o(HEAP)
    STACK                                    0x20003730   Section     4096  startup_stm32f10x_md.o(STACK)

    Global Symbols

    Symbol Name                              Value     Ov Type        Size  Object(Section)

    BuildAttributes$$THM_ISAv4$P$D$K$B$S$PE$A:L22UL41UL21$X:L11$S22US41US21$IEEE1$IW$USESV6$~STKCKD$USESV7$~SHL$OTIME$ROPI$IEEEX$EBA8$MICROLIB$REQ8$PRES8$EABIv2 0x00000000   Number         0  anon$$obj.o ABSOLUTE
    __ARM_use_no_argv                        0x00000000   Number         0  main.o ABSOLUTE
    _printf_a                                0x00000000   Number         0  stubs.o ABSOLUTE
    _printf_c                                0x00000000   Number         0  stubs.o ABSOLUTE
    _printf_charcount                        0x00000000   Number         0  stubs.o ABSOLUTE
    _printf_d                                0x00000000   Number         0  stubs.o ABSOLUTE
    _printf_e                                0x00000000   Number         0  stubs.o ABSOLUTE
    _printf_f                                0x00000000   Number         0  stubs.o ABSOLUTE
    _printf_flags                            0x00000000   Number         0  stubs.o ABSOLUTE
    _printf_fp_dec                           0x00000000   Number         0  stubs.o ABSOLUTE
    _printf_fp_hex                           0x00000000   Number         0  stubs.o ABSOLUTE
    _printf_g                                0x00000000   Number         0  stubs.o ABSOLUTE
    _printf_i                                0x00000000   Number         0  stubs.o ABSOLUTE
    _printf_int_dec                          0x00000000   Number         0  stubs.o ABSOLUTE
    _printf_l                                0x00000000   Number         0  stubs.o ABSOLUTE
    _printf_lc                               0x00000000   Number         0  stubs.o ABSOLUTE
    _printf_ll                               0x00000000   Number         0  stubs.o ABSOLUTE
    _printf_lld                              0x00000000   Number         0  stubs.o ABSOLUTE
    _printf_lli                              0x00000000   Number         0  stubs.o ABSOLUTE
    _printf_llo                              0x00000000   Number         0  stubs.o ABSOLUTE
    _printf_llu                              0x00000000   Number         0  stubs.o ABSOLUTE
    _printf_llx                              0x00000000   Number         0  stubs.o ABSOLUTE
    _printf_longlong_dec                     0x00000000   Number         0  stubs.o ABSOLUTE
    _printf_longlong_hex                     0x00000000   Number         0  stubs.o ABSOLUTE
    _printf_longlong_oct                     0x00000000   Number         0  stubs.o ABSOLUTE
    _printf_ls                               0x00000000   Number         0  stubs.o ABSOLUTE
    _printf_mbtowc                           0x00000000   Number         0  stubs.o ABSOLUTE
    _printf_n                                0x00000000   Number         0  stubs.o ABSOLUTE
    _printf_o                                0x00000000   Number         0  stubs.o ABSOLUTE
    _printf_p                                0x00000000   Number         0  stubs.o ABSOLUTE
    _printf_percent                          0x00000000   Number         0  stubs.o ABSOLUTE
    _printf_pre_padding                      0x00000000   Number         0  stubs.o ABSOLUTE
    _printf_return_value                     0x00000000   Number         0  stubs.o ABSOLUTE
    _printf_s                                0x00000000   Number         0  stubs.o ABSOLUTE
    _printf_sizespec                         0x00000000   Number         0  stubs.o ABSOLUTE
    _printf_str                              0x00000000   Number         0  stubs.o ABSOLUTE
    _printf_truncate_signed                  0x00000000   Number         0  stubs.o ABSOLUTE
    _printf_truncate_unsigned                0x00000000   Number         0  stubs.o ABSOLUTE
    _printf_u                                0x00000000   Number         0  stubs.o ABSOLUTE
    _printf_wc                               0x00000000   Number         0  stubs.o ABSOLUTE
    _printf_wctomb                           0x00000000   Number         0  stubs.o ABSOLUTE
    _printf_widthprec                        0x00000000   Number         0  stubs.o ABSOLUTE
    _printf_x                                0x00000000   Number         0  stubs.o ABSOLUTE
    __cpp_initialize__aeabi_                  - Undefined Weak Reference
    __cxa_finalize                            - Undefined Weak Reference
    __decompress                              - Undefined Weak Reference
    _clock_init                               - Undefined Weak Reference
    _microlib_exit                            - Undefined Weak Reference
    _scanf_int                                - Undefined Weak Reference
    _scanf_longlong                           - Undefined Weak Reference
    _scanf_string                             - Undefined Weak Reference
    __Vectors_Size                           0x000000ec   Number         0  startup_stm32f10x_md.o ABSOLUTE
    __Vectors                                0x08000000   Data           4  startup_stm32f10x_md.o(RESET)
    __Vectors_End                            0x080000ec   Data           0  startup_stm32f10x_md.o(RESET)
    __main                                   0x080000ed   Thumb Code     0  entry.o(.ARM.Collect$$$$00000000)
    _main_stk                                0x080000ed   Thumb Code     0  entry2.o(.ARM.Collect$$$$00000001)
    _main_scatterload                        0x080000f1   Thumb Code     0  entry5.o(.ARM.Collect$$$$00000004)
    __main_after_scatterload                 0x080000f5   Thumb Code     0  entry5.o(.ARM.Collect$$$$00000004)
    _main_clock                              0x080000f5   Thumb Code     0  entry7b.o(.ARM.Collect$$$$00000008)
    _main_cpp_init                           0x080000f5   Thumb Code     0  entry8b.o(.ARM.Collect$$$$0000000A)
    _main_init                               0x080000f5   Thumb Code     0  entry9a.o(.ARM.Collect$$$$0000000B)
    __rt_final_cpp                           0x080000fd   Thumb Code     0  entry10a.o(.ARM.Collect$$$$0000000D)
    __rt_final_exit                          0x080000fd   Thumb Code     0  entry11a.o(.ARM.Collect$$$$0000000F)
    Reset_Handler                            0x08000101   Thumb Code     8  startup_stm32f10x_md.o(.text)
    ADC1_2_IRQHandler                        0x0800011b   Thumb Code     0  startup_stm32f10x_md.o(.text)
    CAN1_RX1_IRQHandler                      0x0800011b   Thumb Code     0  startup_stm32f10x_md.o(.text)
    CAN1_SCE_IRQHandler                      0x0800011b   Thumb Code     0  startup_stm32f10x_md.o(.text)
    DMA1_Channel1_IRQHandler                 0x0800011b   Thumb Code     0  startup_stm32f10x_md.o(.text)
    DMA1_Channel2_IRQHandler                 0x0800011b   Thumb Code     0  startup_stm32f10x_md.o(.text)
    DMA1_Channel3_IRQHandler                 0x0800011b   Thumb Code     0  startup_stm32f10x_md.o(.text)
    DMA1_Channel4_IRQHandler                 0x0800011b   Thumb Code     0  startup_stm32f10x_md.o(.text)
    DMA1_Channel5_IRQHandler                 0x0800011b   Thumb Code     0  startup_stm32f10x_md.o(.text)
    DMA1_Channel6_IRQHandler                 0x0800011b   Thumb Code     0  startup_stm32f10x_md.o(.text)
    DMA1_Channel7_IRQHandler                 0x0800011b   Thumb Code     0  startup_stm32f10x_md.o(.text)
    EXTI0_IRQHandler                         0x0800011b   Thumb Code     0  startup_stm32f10x_md.o(.text)
    EXTI15_10_IRQHandler                     0x0800011b   Thumb Code     0  startup_stm32f10x_md.o(.text)
    EXTI1_IRQHandler                         0x0800011b   Thumb Code     0  startup_stm32f10x_md.o(.text)
    EXTI2_IRQHandler                         0x0800011b   Thumb Code     0  startup_stm32f10x_md.o(.text)
    EXTI3_IRQHandler                         0x0800011b   Thumb Code     0  startup_stm32f10x_md.o(.text)
    EXTI4_IRQHandler                         0x0800011b   Thumb Code     0  startup_stm32f10x_md.o(.text)
    EXTI9_5_IRQHandler                       0x0800011b   Thumb Code     0  startup_stm32f10x_md.o(.text)
    FLASH_IRQHandler                         0x0800011b   Thumb Code     0  startup_stm32f10x_md.o(.text)
    I2C1_ER_IRQHandler                       0x0800011b   Thumb Code     0  startup_stm32f10x_md.o(.text)
    I2C1_EV_IRQHandler                       0x0800011b   Thumb Code     0  startup_stm32f10x_md.o(.text)
    I2C2_ER_IRQHandler                       0x0800011b   Thumb Code     0  startup_stm32f10x_md.o(.text)
    I2C2_EV_IRQHandler                       0x0800011b   Thumb Code     0  startup_stm32f10x_md.o(.text)
    PVD_IRQHandler                           0x0800011b   Thumb Code     0  startup_stm32f10x_md.o(.text)
    RCC_IRQHandler                           0x0800011b   Thumb Code     0  startup_stm32f10x_md.o(.text)
    RTCAlarm_IRQHandler                      0x0800011b   Thumb Code     0  startup_stm32f10x_md.o(.text)
    RTC_IRQHandler                           0x0800011b   Thumb Code     0  startup_stm32f10x_md.o(.text)
    SPI1_IRQHandler                          0x0800011b   Thumb Code     0  startup_stm32f10x_md.o(.text)
    SPI2_IRQHandler                          0x0800011b   Thumb Code     0  startup_stm32f10x_md.o(.text)
    TAMPER_IRQHandler                        0x0800011b   Thumb Code     0  startup_stm32f10x_md.o(.text)
    TIM1_BRK_IRQHandler                      0x0800011b   Thumb Code     0  startup_stm32f10x_md.o(.text)
    TIM1_CC_IRQHandler                       0x0800011b   Thumb Code     0  startup_stm32f10x_md.o(.text)
    TIM1_TRG_COM_IRQHandler                  0x0800011b   Thumb Code     0  startup_stm32f10x_md.o(.text)
    TIM1_UP_IRQHandler                       0x0800011b   Thumb Code     0  startup_stm32f10x_md.o(.text)
    TIM3_IRQHandler                          0x0800011b   Thumb Code     0  startup_stm32f10x_md.o(.text)
    TIM4_IRQHandler                          0x0800011b   Thumb Code     0  startup_stm32f10x_md.o(.text)
    USART2_IRQHandler                        0x0800011b   Thumb Code     0  startup_stm32f10x_md.o(.text)
    USBWakeUp_IRQHandler                     0x0800011b   Thumb Code     0  startup_stm32f10x_md.o(.text)
    USB_HP_CAN1_TX_IRQHandler                0x0800011b   Thumb Code     0  startup_stm32f10x_md.o(.text)
    USB_LP_CAN1_RX0_IRQHandler               0x0800011b   Thumb Code     0  startup_stm32f10x_md.o(.text)
    WWDG_IRQHandler                          0x0800011b   Thumb Code     0  startup_stm32f10x_md.o(.text)
    uECC_vli_add                             0x08000b9b   Thumb Code    94  uECC.o(.text)
    uECC_vli_sub                             0x08000c35   Thumb Code   106  uECC.o(.text)
    uECC_vli_mult                            0x08000c9f   Thumb Code    96  uECC.o(.text)
    uECC_set_rng                             0x08000cff   Thumb Code    10  uECC.o(.text)
    uECC_get_rng                             0x08000d09   Thumb Code    12  uECC.o(.text)
    uECC_curve_private_key_size              0x08000d15   Thumb Code    16  uECC.o(.text)
    uECC_curve_public_key_size               0x08000d25   Thumb Code     8  uECC.o(.text)
    uECC_vli_clear                           0x08000d2d   Thumb Code    12  uECC.o(.text)
    uECC_vli_isZero                          0x08000dbd   Thumb Code    30  uECC.o(.text)
    uECC_vli_testBit                         0x08000ddb   Thumb Code    20  uECC.o(.text)
    uECC_vli_numBits                         0x08000e47   Thumb Code    62  uECC.o(.text)
    uECC_vli_set                             0x08000e85   Thumb Code    24  uECC.o(.text)
    uECC_vli_equal                           0x080011b5   Thumb Code    36  uECC.o(.text)
    uECC_vli_cmp                             0x080011d9   Thumb Code    50  uECC.o(.text)
    uECC_vli_rshift1                         0x0800120b   Thumb Code    26  uECC.o(.text)
    uECC_vli_square                          0x08001321   Thumb Code     8  uECC.o(.text)
    uECC_vli_modAdd                          0x08001329   Thumb Code    50  uECC.o(.text)
    uECC_vli_modSub                          0x0800135b   Thumb Code    36  uECC.o(.text)
    uECC_vli_mmod                            0x0800137f   Thumb Code   316  uECC.o(.text)
    uECC_vli_modMult                         0x080014bb   Thumb Code    36  uECC.o(.text)
    uECC_vli_modMult_fast                    0x080014df   Thumb Code    32  uECC.o(.text)
    uECC_vli_modSquare                       0x080014ff   Thumb Code    18  uECC.o(.text)
    uECC_vli_modSquare_fast                  0x08001511   Thumb Code     8  uECC.o(.text)
    uECC_vli_modInv                          0x08001b23   Thumb Code   266  uECC.o(.text)
    uECC_secp160r1                           0x08001f7f   Thumb Code    10  uECC.o(.text)
    uECC_secp192r1                           0x08001f89   Thumb Code     8  uECC.o(.text)
    uECC_secp224r1                           0x08001f91   Thumb Code     8  uECC.o(.text)
    uECC_secp256r1                           0x08001f99   Thumb Code     8  uECC.o(.text)
    uECC_secp256k1                           0x08001fa1   Thumb Code     8  uECC.o(.text)
    uECC_generate_random_int                 0x08001fa9   Thumb Code   116  uECC.o(.text)
    uECC_vli_nativeToBytes                   0x08002095   Thumb Code    36  uECC.o(.text)
    uECC_vli_bytesToNative                   0x080020b9   Thumb Code    60  uECC.o(.text)
    uECC_make_key                            0x08002319   Thumb Code   128  uECC.o(.text)
    uECC_shared_secret                       0x08002399   Thumb Code   200  uECC.o(.text)
    uECC_compress                            0x08002461   Thumb Code    42  uECC.o(.text)
    uECC_decompress                          0x0800248b   Thumb Code   110  uECC.o(.text)
    uECC_valid_point                         0x080024f9   Thumb Code   104  uECC.o(.text)
    uECC_valid_public_key                    0x08002561   Thumb Code    50  uECC.o(.text)
    uECC_compute_public_key                  0x08002593   Thumb Code   130  uECC.o(.text)
    uECC_sign_with_k                         0x08002615   Thumb Code    58  uECC.o(.text)
    uECC_sign                                0x0800264f   Thumb Code    86  uECC.o(.text)
    uECC_sign_deterministic                  0x080026a5   Thumb Code   412  uECC.o(.text)
    uECC_verify                              0x08002841   Thumb Code   720  uECC.o(.text)
    uECC_curve_num_words                     0x08002b11   Thumb Code     6  uECC.o(.text)
    uECC_curve_num_bytes                     0x08002b17   Thumb Code     6  uECC.o(.text)
    uECC_curve_num_bits                      0x08002b1d   Thumb Code     8  uECC.o(.text)
    uECC_curve_num_n_words                   0x08002b25   Thumb Code    18  uECC.o(.text)
    uECC_curve_num_n_bytes                   0x08002b37   Thumb Code    16  uECC.o(.text)
    uECC_curve_num_n_bits                    0x08002b47   Thumb Code     6  uECC.o(.text)
    uECC_curve_p                             0x08002b4d   Thumb Code     4  uECC.o(.text)
    uECC_curve_n                             0x08002b51   Thumb Code     4  uECC.o(.text)
    uECC_curve_G                             0x08002b55   Thumb Code     4  uECC.o(.text)
    uECC_curve_b                             0x08002b59   Thumb Code     4  uECC.o(.text)
    uECC_vli_mod_sqrt                        0x08002b5d   Thumb Code     6  uECC.o(.text)
    uECC_vli_mmod_fast                       0x08002b63   Thumb Code     6  uECC.o(.text)
    uECC_point_mult                          0x08002b69   Thumb Code    64  uECC.o(.text)
    H2BYTE                                   0x08002ba9   Thumb Code    98  uECC.o(.text)
    hexToBytes                               0x08002c0b   Thumb Code    96  uECC.o(.text)
    my_memset_s                              0x08002c6b   Thumb Code    30  uECC.o(.text)
    shake128                                 0x08002c89   Thumb Code    20  uECC.o(.text)
    shake256                                 0x08002c9d   Thumb Code    20  uECC.o(.text)
    sha3_224                                 0x08002cb1   Thumb Code    30  uECC.o(.text)
    sha3_256                                 0x08002ccf   Thumb Code    30  uECC.o(.text)
    sha3_384                                 0x08002ced   Thumb Code    30  uECC.o(.text)
    sha3_512                                 0x08002d0b   Thumb Code    30  uECC.o(.text)
    keccak_256                               0x08002d29   Thumb Code    30  uECC.o(.text)
    ukeccak256_init                          0x08002d47   Thumb Code    26  uECC.o(.text)
    ukeccak256_deinit                        0x08002d61   Thumb Code     2  uECC.o(.text)
    ukeccak256_update                        0x08002d63   Thumb Code    72  uECC.o(.text)
    ukeccak256_finish                        0x08002dab   Thumb Code    86  uECC.o(.text)
    ukeccak256_digest                        0x08002e01   Thumb Code    28  uECC.o(.text)
    ukeccak256                               0x08002e1d   Thumb Code    32  uECC.o(.text)
    toUtf8Bytes                              0x08002e3d   Thumb Code   156  uECC.o(.text)
    etherhash1                               0x08002ed9   Thumb Code   112  uECC.o(.text)
    Utf8len                                  0x08002f49   Thumb Code    58  uECC.o(.text)
    etherhash                                0x08002f83   Thumb Code   158  uECC.o(.text)
    keccak256                                0x08003021   Thumb Code    18  uECC.o(.text)
    calculateEthereumAddress                 0x08003033   Thumb Code   130  uECC.o(.text)
    command_verify                           0x080030b5   Thumb Code    92  uECC.o(.text)
    tolower                                  0x08003111   Thumb Code    12  tolower.o(.text)
    ___aeabi_memcpy8$ret                     0x0800311d   Thumb Code     0  memcpy.o(.text)
    __aeabi_memcpy                           0x0800311d   Thumb Code    40  memcpy.o(.text)
    __aeabi_memcpy4                          0x0800311d   Thumb Code     0  memcpy.o(.text)
    memcpy                                   0x0800311d   Thumb Code     0  memcpy.o(.text)
    __aeabi_memset                           0x08003145   Thumb Code    14  memseta.o(.text)
    __aeabi_memset4                          0x08003145   Thumb Code     0  memseta.o(.text)
    __aeabi_memset8                          0x08003145   Thumb Code     0  memseta.o(.text)
    __aeabi_memclr                           0x08003153   Thumb Code     4  memseta.o(.text)
    __aeabi_memclr4                          0x08003153   Thumb Code     0  memseta.o(.text)
    __aeabi_memclr8                          0x08003153   Thumb Code     0  memseta.o(.text)
    memset                                   0x08003157   Thumb Code    18  memseta.o(.text)
    strstr                                   0x08003169   Thumb Code    36  strstr.o(.text)
    strncpy                                  0x0800318d   Thumb Code    24  strncpy.o(.text)
    strchr                                   0x080031a5   Thumb Code    20  strchr.o(.text)
    strlen                                   0x080031b9   Thumb Code    14  strlen.o(.text)
    strcmp                                   0x080031c7   Thumb Code    28  strcmp.o(.text)
    strcpy                                   0x080031e3   Thumb Code    18  strcpy.o(.text)
    strncmp                                  0x080031f5   Thumb Code    30  strncmp.o(.text)
    __0sscanf                                0x08003215   Thumb Code    48  __0sscanf.o(.text)
    _scanf_real                              0x08003375   Thumb Code     0  scanf_fp.o(.text)
    _scanf_really_real                       0x08003375   Thumb Code   556  scanf_fp.o(.text)
    strtol                                   0x080035ad   Thumb Code   112  strtol.o(.text)
    __aeabi_dadd                             0x0800361d   Thumb Code   322  dadd.o(.text)
    __aeabi_dsub                             0x0800375f   Thumb Code     6  dadd.o(.text)
    __aeabi_drsub                            0x08003765   Thumb Code     6  dadd.o(.text)
    __aeabi_dmul                             0x0800376b   Thumb Code   228  dmul.o(.text)
    __aeabi_ddiv                             0x0800384f   Thumb Code   222  ddiv.o(.text)
    __aeabi_i2d                              0x0800392d   Thumb Code    34  dflti.o(.text)
    __aeabi_ui2d                             0x0800394f   Thumb Code    26  dfltui.o(.text)
    __aeabi_d2iz                             0x08003969   Thumb Code    62  dfixi.o(.text)
    __aeabi_f2d                              0x080039a7   Thumb Code    38  f2d.o(.text)
    __aeabi_cdcmpeq                          0x080039cd   Thumb Code     0  cdcmple.o(.text)
    __aeabi_cdcmple                          0x080039cd   Thumb Code    48  cdcmple.o(.text)
    __aeabi_cdrcmple                         0x080039fd   Thumb Code    48  cdrcmple.o(.text)
    __aeabi_d2f                              0x08003a2d   Thumb Code    56  d2f.o(.text)
    __aeabi_uidiv                            0x08003a65   Thumb Code     0  uidiv.o(.text)
    __aeabi_uidivmod                         0x08003a65   Thumb Code    44  uidiv.o(.text)
    __aeabi_uldivmod                         0x08003a91   Thumb Code    98  uldiv.o(.text)
    __aeabi_llsl                             0x08003af3   Thumb Code    30  llshl.o(.text)
    _ll_shift_l                              0x08003af3   Thumb Code     0  llshl.o(.text)
    __aeabi_llsr                             0x08003b11   Thumb Code    32  llushr.o(.text)
    _ll_ushift_r                             0x08003b11   Thumb Code     0  llushr.o(.text)
    __aeabi_lasr                             0x08003b31   Thumb Code    36  llsshr.o(.text)
    _ll_sshift_r                             0x08003b31   Thumb Code     0  llsshr.o(.text)
    __rt_ctype_table                         0x08003b55   Thumb Code     4  ctype_o.o(.text)
    isspace                                  0x08003b5d   Thumb Code    18  isspace_o.o(.text)
    __vfscanf_char                           0x08003b7d   Thumb Code    20  scanf_char.o(.text)
    _sgetc                                   0x08003b99   Thumb Code    30  _sgetc.o(.text)
    _sbackspace                              0x08003bb7   Thumb Code    34  _sgetc.o(.text)
    _strtoul                                 0x08003bd9   Thumb Code   158  _strtoul.o(.text)
    __strtod_int                             0x08003caf   Thumb Code    90  strtod.o(.text)
    __I$use$fp                               0x08003d15   Thumb Code     0  iusefp.o(.text)
    _float_round                             0x08003d15   Thumb Code    18  fepilogue.o(.text)
    _float_epilogue                          0x08003d27   Thumb Code    92  fepilogue.o(.text)
    _double_round                            0x08003d83   Thumb Code    30  depilogue.o(.text)
    _double_epilogue                         0x08003da1   Thumb Code   156  depilogue.o(.text)
    __aeabi_ul2d                             0x08003e3d   Thumb Code    24  dfltul.o(.text)
    __aeabi_d2ulz                            0x08003e55   Thumb Code    48  dfixul.o(.text)
    __scatterload                            0x08003e85   Thumb Code    28  init.o(.text)
    __scatterload_rt2                        0x08003e85   Thumb Code     0  init.o(.text)
    _chval                                   0x08003ea9   Thumb Code    28  _chval.o(.text)
    __vfscanf                                0x08003ec5   Thumb Code   808  _scanf.o(.text)
    AD2_GetValue                             0x080041f1   Thumb Code    32  ad.o(i.AD2_GetValue)
    ADC_AnalogWatchdogCmd                    0x08004215   Thumb Code    16  stm32f10x_adc.o(i.ADC_AnalogWatchdogCmd)
    ADC_AnalogWatchdogSingleChannelConfig    0x08004229   Thumb Code    16  stm32f10x_adc.o(i.ADC_AnalogWatchdogSingleChannelConfig)
    ADC_AnalogWatchdogThresholdsConfig       0x08004239   Thumb Code     6  stm32f10x_adc.o(i.ADC_AnalogWatchdogThresholdsConfig)
    ADC_Cmd                                  0x0800423f   Thumb Code    22  stm32f10x_adc.o(i.ADC_Cmd)
    ADC_GetCalibrationStatus                 0x08004255   Thumb Code    20  stm32f10x_adc.o(i.ADC_GetCalibrationStatus)
    ADC_GetConversionValue                   0x08004269   Thumb Code     8  stm32f10x_adc.o(i.ADC_GetConversionValue)
    ADC_GetFlagStatus                        0x08004271   Thumb Code    18  stm32f10x_adc.o(i.ADC_GetFlagStatus)
    ADC_GetResetCalibrationStatus            0x08004283   Thumb Code    20  stm32f10x_adc.o(i.ADC_GetResetCalibrationStatus)
    ADC_ITConfig                             0x08004297   Thumb Code    24  stm32f10x_adc.o(i.ADC_ITConfig)
    ADC_Init                                 0x080042b1   Thumb Code    70  stm32f10x_adc.o(i.ADC_Init)
    ADC_RegularChannelConfig                 0x08004301   Thumb Code   184  stm32f10x_adc.o(i.ADC_RegularChannelConfig)
    ADC_ResetCalibration                     0x080043b9   Thumb Code    10  stm32f10x_adc.o(i.ADC_ResetCalibration)
    ADC_SoftwareStartConvCmd                 0x080043c3   Thumb Code    22  stm32f10x_adc.o(i.ADC_SoftwareStartConvCmd)
    ADC_StartCalibration                     0x080043d9   Thumb Code    10  stm32f10x_adc.o(i.ADC_StartCalibration)
    AD_Init                                  0x080043e5   Thumb Code   316  ad.o(i.AD_Init)
    AddPhoneAndChat                          0x08004535   Thumb Code    68  flash.o(i.AddPhoneAndChat)
    All_Struct_Init                          0x08004579   Thumb Code    36  flash.o(i.All_Struct_Init)
    BatteryLock_Reset                        0x080045a5   Thumb Code    20  battery.o(i.BatteryLock_Reset)
    BatteryLock_off                          0x080045bd   Thumb Code    12  battery.o(i.BatteryLock_off)
    BatteryLock_on                           0x080045cd   Thumb Code    12  battery.o(i.BatteryLock_on)
    BatteryVoltage_get                       0x080045dd   Thumb Code    86  ad.o(i.BatteryVoltage_get)
    Battery_Init                             0x0800464d   Thumb Code    64  battery.o(i.Battery_Init)
    BlueAT_SendData                          0x08004691   Thumb Code    28  bluetooth.o(i.BlueAT_SendData)
    Blue_Init                                0x080046b1   Thumb Code   234  bluetooth.o(i.Blue_Init)
    Blue_check                               0x080047ad   Thumb Code    30  bluetooth.o(i.Blue_check)
    BusFault_Handler                         0x080047d5   Thumb Code     4  stm32f10x_it.o(i.BusFault_Handler)
    ChangeSuperUser                          0x080047d9   Thumb Code    60  flash.o(i.ChangeSuperUser)
    CheckIfuserExist                         0x08004815   Thumb Code    52  flash.o(i.CheckIfuserExist)
    Check_Now_Battery_Lock_State             0x0800484d   Thumb Code    40  battery.o(i.Check_Now_Battery_Lock_State)
    Check_move                               0x08004891   Thumb Code    36  ad.o(i.Check_move)
    Controller_Init                          0x080048c1   Thumb Code    38  controller.o(i.Controller_Init)
    Controller_off                           0x080048ed   Thumb Code    12  controller.o(i.Controller_off)
    Controller_on                            0x080048fd   Thumb Code    12  controller.o(i.Controller_on)
    ConvertUint_time                         0x0800490d   Thumb Code    22  flash.o(i.ConvertUint_time)
    CreateSendToPhoneJson                    0x08004925   Thumb Code   282  bluetooth.o(i.CreateSendToPhoneJson)
    Date_DeviceToPhone                       0x08004acd   Thumb Code    76  bluetooth.o(i.Date_DeviceToPhone)
    DealRentCommand                          0x08004b21   Thumb Code   150  flash.o(i.DealRentCommand)
    DebugMon_Handler                         0x08004bc9   Thumb Code     2  stm32f10x_it.o(i.DebugMon_Handler)
    Delay_ms                                 0x08004bcb   Thumb Code    24  delay.o(i.Delay_ms)
    Delay_us                                 0x08004be3   Thumb Code    46  delay.o(i.Delay_us)
    DoToCommand                              0x08004c11   Thumb Code   208  bluetooth.o(i.DoToCommand)
    DoToTheseJson                            0x08004d09   Thumb Code   708  bluetooth.o(i.DoToTheseJson)
    FLASH_ClearFlag                          0x08005105   Thumb Code     6  stm32f10x_flash.o(i.FLASH_ClearFlag)
    FLASH_ErasePage                          0x08005111   Thumb Code    72  stm32f10x_flash.o(i.FLASH_ErasePage)
    FLASH_GetBank1Status                     0x0800515d   Thumb Code    48  stm32f10x_flash.o(i.FLASH_GetBank1Status)
    FLASH_Lock                               0x08005191   Thumb Code    14  stm32f10x_flash.o(i.FLASH_Lock)
    FLASH_ProgramWord                        0x080051a5   Thumb Code   102  stm32f10x_flash.o(i.FLASH_ProgramWord)
    FLASH_Unlock                             0x08005211   Thumb Code    12  stm32f10x_flash.o(i.FLASH_Unlock)
    FLASH_WaitForLastOperation               0x08005229   Thumb Code    38  stm32f10x_flash.o(i.FLASH_WaitForLastOperation)
    Flash_AddRentUser                        0x08005251   Thumb Code   114  flash.o(i.Flash_AddRentUser)
    Flash_Erase                              0x080052c9   Thumb Code    52  flash.o(i.Flash_Erase)
    Flash_Rent_WriteStruct                   0x08005301   Thumb Code    92  flash.o(i.Flash_Rent_WriteStruct)
    Flash_Struct_Register                    0x0800535d   Thumb Code    44  flash.o(i.Flash_Struct_Register)
    Flash_Super_WriteStruct                  0x08005391   Thumb Code    92  flash.o(i.Flash_Super_WriteStruct)
    Flash_Write                              0x080053ed   Thumb Code    36  flash.o(i.Flash_Write)
    GPIO_Init                                0x08005411   Thumb Code   278  stm32f10x_gpio.o(i.GPIO_Init)
    GPIO_ReadInputDataBit                    0x08005527   Thumb Code    18  stm32f10x_gpio.o(i.GPIO_ReadInputDataBit)
    GPIO_ResetBits                           0x08005539   Thumb Code     4  stm32f10x_gpio.o(i.GPIO_ResetBits)
    GPIO_SetBits                             0x0800553d   Thumb Code     4  stm32f10x_gpio.o(i.GPIO_SetBits)
    GetUniqueID                              0x08005541   Thumb Code    42  battery.o(i.GetUniqueID)
    Get_BatteryLockState                     0x08005585   Thumb Code    34  battery.o(i.Get_BatteryLockState)
    HardFault_Handler                        0x080055b5   Thumb Code     4  stm32f10x_it.o(i.HardFault_Handler)
    IWDG_Enable                              0x080055b9   Thumb Code    10  stm32f10x_iwdg.o(i.IWDG_Enable)
    IWDG_Feed                                0x080055c9   Thumb Code     8  fault.o(i.IWDG_Feed)
    IWDG_Init                                0x080055d1   Thumb Code    38  fault.o(i.IWDG_Init)
    IWDG_ReloadCounter                       0x080055f9   Thumb Code    10  stm32f10x_iwdg.o(i.IWDG_ReloadCounter)
    IWDG_SetPrescaler                        0x08005609   Thumb Code     6  stm32f10x_iwdg.o(i.IWDG_SetPrescaler)
    IWDG_SetReload                           0x08005615   Thumb Code     6  stm32f10x_iwdg.o(i.IWDG_SetReload)
    IWDG_WriteAccessCmd                      0x08005621   Thumb Code     6  stm32f10x_iwdg.o(i.IWDG_WriteAccessCmd)
    MemManage_Handler                        0x0800562d   Thumb Code     4  stm32f10x_it.o(i.MemManage_Handler)
    NMI_Handler                              0x08005631   Thumb Code     2  stm32f10x_it.o(i.NMI_Handler)
    NVIC_Init                                0x08005635   Thumb Code   100  misc.o(i.NVIC_Init)
    NVIC_PriorityGroupConfig                 0x080056a5   Thumb Code    10  misc.o(i.NVIC_PriorityGroupConfig)
    Parse_PhoneAndChat                       0x080056b9   Thumb Code   164  flash.o(i.Parse_PhoneAndChat)
    PendSV_Handler                           0x0800576d   Thumb Code     2  stm32f10x_it.o(i.PendSV_Handler)
    RCC_ADCCLKConfig                         0x08005771   Thumb Code    18  stm32f10x_rcc.o(i.RCC_ADCCLKConfig)
    RCC_APB1PeriphClockCmd                   0x08005789   Thumb Code    26  stm32f10x_rcc.o(i.RCC_APB1PeriphClockCmd)
    RCC_APB2PeriphClockCmd                   0x080057a9   Thumb Code    26  stm32f10x_rcc.o(i.RCC_APB2PeriphClockCmd)
    RCC_GetClocksFreq                        0x080057c9   Thumb Code   192  stm32f10x_rcc.o(i.RCC_GetClocksFreq)
    Read_FLASH_Rent_Struct                   0x0800589d   Thumb Code    70  flash.o(i.Read_FLASH_Rent_Struct)
    Read_FLASH_Super_Struct                  0x080058ed   Thumb Code    70  flash.o(i.Read_FLASH_Super_Struct)
    SVC_Handler                              0x0800593d   Thumb Code     2  stm32f10x_it.o(i.SVC_Handler)
    Save_NowFlashStruct                      0x08005941   Thumb Code   142  flash.o(i.Save_NowFlashStruct)
    Save_RentUser_Struct                     0x080059e9   Thumb Code    82  flash.o(i.Save_RentUser_Struct)
    Send_AT_Command                          0x08005a49   Thumb Code    22  bluetooth.o(i.Send_AT_Command)
    Send_CommandFlashCarve                   0x08005a61   Thumb Code    10  bluetooth.o(i.Send_CommandFlashCarve)
    Send_CommandOver                         0x08005a71   Thumb Code    10  bluetooth.o(i.Send_CommandOver)
    Send_CommandStart                        0x08005a81   Thumb Code    10  bluetooth.o(i.Send_CommandStart)
    Serial_Init                              0x08005a91   Thumb Code   174  serial.o(i.Serial_Init)
    Serial_SendArray                         0x08005b49   Thumb Code    26  serial.o(i.Serial_SendArray)
    Serial_SendByte                          0x08005b65   Thumb Code    28  serial.o(i.Serial_SendByte)
    SysTick_Handler                          0x08005c6d   Thumb Code     2  stm32f10x_it.o(i.SysTick_Handler)
    SystemInit                               0x08005c71   Thumb Code    78  system_stm32f10x.o(i.SystemInit)
    TIM2_IRQHandler                          0x08005cd1   Thumb Code    32  bluetooth.o(i.TIM2_IRQHandler)
    TIM_ClearITPendingBit                    0x08005cf5   Thumb Code     6  stm32f10x_tim.o(i.TIM_ClearITPendingBit)
    TIM_Cmd                                  0x08005cfb   Thumb Code    24  stm32f10x_tim.o(i.TIM_Cmd)
    TIM_GetITStatus                          0x08005d13   Thumb Code    34  stm32f10x_tim.o(i.TIM_GetITStatus)
    TIM_ITConfig                             0x08005d35   Thumb Code    18  stm32f10x_tim.o(i.TIM_ITConfig)
    TIM_TimeBaseInit                         0x08005d49   Thumb Code   122  stm32f10x_tim.o(i.TIM_TimeBaseInit)
    TimeClock_Init                           0x08005ded   Thumb Code   102  bluetooth.o(i.TimeClock_Init)
    USART1_IRQHandler                        0x08005e55   Thumb Code   140  serial.o(i.USART1_IRQHandler)
    USART3_IRQHandler                        0x08005ef5   Thumb Code   232  bluetooth.o(i.USART3_IRQHandler)
    USART_ClearITPendingBit                  0x08006001   Thumb Code    30  stm32f10x_usart.o(i.USART_ClearITPendingBit)
    USART_Cmd                                0x0800601f   Thumb Code    24  stm32f10x_usart.o(i.USART_Cmd)
    USART_GetFlagStatus                      0x08006037   Thumb Code    26  stm32f10x_usart.o(i.USART_GetFlagStatus)
    USART_GetITStatus                        0x08006051   Thumb Code    84  stm32f10x_usart.o(i.USART_GetITStatus)
    USART_ITConfig                           0x080060a5   Thumb Code    74  stm32f10x_usart.o(i.USART_ITConfig)
    USART_Init                               0x080060f1   Thumb Code   210  stm32f10x_usart.o(i.USART_Init)
    USART_ReceiveData                        0x080061c9   Thumb Code    10  stm32f10x_usart.o(i.USART_ReceiveData)
    USART_SendData                           0x080061d3   Thumb Code     8  stm32f10x_usart.o(i.USART_SendData)
    UpdateUser                               0x080061dd   Thumb Code   112  flash.o(i.UpdateUser)
    Update_Struct_ChatNumber                 0x08006255   Thumb Code    18  flash.o(i.Update_Struct_ChatNumber)
    Update_Struct_DeviceName                 0x08006271   Thumb Code    18  flash.o(i.Update_Struct_DeviceName)
    Update_Struct_PhoneNumber                0x0800628d   Thumb Code    18  flash.o(i.Update_Struct_PhoneNumber)
    Update_Struct_WalletAddress              0x080062a9   Thumb Code    18  flash.o(i.Update_Struct_WalletAddress)
    UsageFault_Handler                       0x080062c5   Thumb Code     4  stm32f10x_it.o(i.UsageFault_Handler)
    VerifyIf_RentUser                        0x080062c9   Thumb Code    94  flash.o(i.VerifyIf_RentUser)
    VerifyIf_Superser                        0x08006341   Thumb Code    32  flash.o(i.VerifyIf_Superser)
    Verify_Time                              0x0800636d   Thumb Code   104  bluetooth.o(i.Verify_Time)
    Verify_UUID                              0x080063e1   Thumb Code    22  bluetooth.o(i.Verify_UUID)
    __0snprintf                              0x080063fd   Thumb Code    44  printfa.o(i.__0snprintf)
    __1snprintf                              0x080063fd   Thumb Code     0  printfa.o(i.__0snprintf)
    __2snprintf                              0x080063fd   Thumb Code     0  printfa.o(i.__0snprintf)
    __c89snprintf                            0x080063fd   Thumb Code     0  printfa.o(i.__0snprintf)
    snprintf                                 0x080063fd   Thumb Code     0  printfa.o(i.__0snprintf)
    __0sprintf                               0x0800642d   Thumb Code    34  printfa.o(i.__0sprintf)
    __1sprintf                               0x0800642d   Thumb Code     0  printfa.o(i.__0sprintf)
    __2sprintf                               0x0800642d   Thumb Code     0  printfa.o(i.__0sprintf)
    __c89sprintf                             0x0800642d   Thumb Code     0  printfa.o(i.__0sprintf)
    sprintf                                  0x0800642d   Thumb Code     0  printfa.o(i.__0sprintf)
    __aeabi_errno_addr                       0x08006455   Thumb Code     4  errno.o(i.__aeabi_errno_addr)
    __rt_errno_addr                          0x08006455   Thumb Code     0  errno.o(i.__aeabi_errno_addr)
    free                                     0x0800645d   Thumb Code    88  mallocr.o(i.__free$realloc)
    malloc                                   0x080064b9   Thumb Code    64  mallocr.o(i.__malloc$realloc)
    __scatterload_copy                       0x08006509   Thumb Code    14  handlers.o(i.__scatterload_copy)
    __scatterload_null                       0x08006517   Thumb Code     2  handlers.o(i.__scatterload_null)
    __scatterload_zeroinit                   0x08006519   Thumb Code    14  handlers.o(i.__scatterload_zeroinit)
    _is_digit                                0x080066ad   Thumb Code    14  scanf_fp.o(i._is_digit)
    beep                                     0x08006ebb   Thumb Code    46  beep.o(i.beep)
    beep_Init                                0x08006ee9   Thumb Code    38  beep.o(i.beep_Init)
    beep_lock                                0x08006f15   Thumb Code    64  beep.o(i.beep_lock)
    beep_off                                 0x08006f55   Thumb Code    12  beep.o(i.beep_off)
    beep_on                                  0x08006f65   Thumb Code    12  beep.o(i.beep_on)
    beep_unlock                              0x08006f75   Thumb Code    64  beep.o(i.beep_unlock)
    cJSON_AddNumberToObject                  0x08006ffd   Thumb Code    56  cjson.o(i.cJSON_AddNumberToObject)
    cJSON_AddStringToObject                  0x08007039   Thumb Code    48  cjson.o(i.cJSON_AddStringToObject)
    cJSON_CreateNumber                       0x0800706d   Thumb Code    82  cjson.o(i.cJSON_CreateNumber)
    cJSON_CreateObject                       0x080070d1   Thumb Code    20  cjson.o(i.cJSON_CreateObject)
    cJSON_CreateString                       0x080070e9   Thumb Code    46  cjson.o(i.cJSON_CreateString)
    cJSON_Delete                             0x0800711d   Thumb Code    92  cjson.o(i.cJSON_Delete)
    cJSON_GetErrorPtr                        0x0800717d   Thumb Code    12  cjson.o(i.cJSON_GetErrorPtr)
    cJSON_GetObjectItem                      0x0800718d   Thumb Code    18  cjson.o(i.cJSON_GetObjectItem)
    cJSON_IsNumber                           0x0800719f   Thumb Code    22  cjson.o(i.cJSON_IsNumber)
    cJSON_IsString                           0x080071b5   Thumb Code    22  cjson.o(i.cJSON_IsString)
    cJSON_Parse                              0x080071e5   Thumb Code    16  cjson.o(i.cJSON_Parse)
    cJSON_ParseWithLengthOpts                0x080071f5   Thumb Code   204  cjson.o(i.cJSON_ParseWithLengthOpts)
    cJSON_ParseWithOpts                      0x080072c9   Thumb Code    40  cjson.o(i.cJSON_ParseWithOpts)
    cJSON_PrintUnformatted                   0x080072f1   Thumb Code    16  cjson.o(i.cJSON_PrintUnformatted)
    changeDeviceName                         0x08007389   Thumb Code   138  battery.o(i.changeDeviceName)
    checkBatteryCommand                      0x08007459   Thumb Code    80  battery.o(i.checkBatteryCommand)
    checkUserValid                           0x080074e5   Thumb Code    28  flash.o(i.checkUserValid)
    cleanIllegalUser                         0x08007505   Thumb Code    86  flash.o(i.cleanIllegalUser)
    createFlashToPhoneJson                   0x080075d5   Thumb Code   146  bluetooth.o(i.createFlashToPhoneJson)
    main                                     0x08007801   Thumb Code   526  main.o(i.main)
    parse_ALLJSON                            0x08007a31   Thumb Code   334  bluetooth.o(i.parse_ALLJSON)
    read_Flash                               0x08008915   Thumb Code     6  flash.o(i.read_Flash)
    realloc                                  0x0800891d   Thumb Code   102  mallocr.o(i.realloc)
    strtod                                   0x080089c5   Thumb Code    28  strtod.o(i.strtod)
    unLockBikeCommand1                       0x080089e7   Thumb Code    48  controller.o(i.unLockBikeCommand1)
    unLockBikeCommand2                       0x08008a17   Thumb Code    54  controller.o(i.unLockBikeCommand2)
    unLockBikeCommand3                       0x08008a4d   Thumb Code    54  controller.o(i.unLockBikeCommand3)
    __ctype_table                            0x08008bd2   Data         129  ctype_o.o(.constdata)
    Region$$Table$$Base                      0x080094a4   Number         0  anon$$obj.o(Region$$Table)
    Region$$Table$$Limit                     0x080094c4   Number         0  anon$$obj.o(Region$$Table)
    Serial_RxFlag                            0x20000014   Data           1  serial.o(.data)
    ADValue                                  0x20000018   Data           2  ad.o(.data)
    Rotate_Counter                           0x2000001c   Data           4  ad.o(.data)
    Site_move                                0x20000020   Data           4  ad.o(.data)
    CheckHelp                                0x20000024   Data           2  ad.o(.data)
    BatteryVoltage                           0x20000028   Data           4  ad.o(.data)
    if_up                                    0x2000002c   Data           4  ad.o(.data)
    Tooth_Flag                               0x20000030   Data           4  bluetooth.o(.data)
    canDOACommand                            0x20000034   Data           4  bluetooth.o(.data)
    usingStamp                               0x20000038   Data           4  bluetooth.o(.data)
    needUpUsingTime                          0x2000003c   Data           4  bluetooth.o(.data)
    CanTrust                                 0x20000040   Data           4  bluetooth.o(.data)
    bufferIndex1                             0x20000044   Data           2  bluetooth.o(.data)
    index1                                   0x20000046   Data           2  bluetooth.o(.data)
    SureDeviceName                           0x20000048   Data           4  bluetooth.o(.data)
    LastlyPinState                           0x2000004c   Data           1  battery.o(.data)
    needToSendUnusual                        0x20000050   Data           4  battery.o(.data)
    ifNeedRigisterSuperUser                  0x20000054   Data           4  flash.o(.data)
    IfNeedSendRentAbout                      0x20000058   Data           4  flash.o(.data)
    CanRentOpenBattery                       0x2000005c   Data           4  flash.o(.data)
    check_tooth                              0x20000060   Data           4  main.o(.data)
    NoMoveFlag                               0x20000064   Data           4  main.o(.data)
    BikeLock_number                          0x20000068   Data           4  main.o(.data)
    BatteryLock_number                       0x2000006c   Data           4  main.o(.data)
    __microlib_freelist                      0x20000084   Data           4  mvars.o(.data)
    __microlib_freelist_initialised          0x20000088   Data           4  mvars.o(.data)
    Serial_RxPacket                          0x20000090   Data        1000  serial.o(.bss)
    BatteryState                             0x20000478   Data          10  bluetooth.o(.bss)
    Command                                  0x20000482   Data         200  bluetooth.o(.bss)
    PubKey                                   0x2000054a   Data         150  bluetooth.o(.bss)
    Signature                                0x200005e0   Data         150  bluetooth.o(.bss)
    Address                                  0x20000676   Data          50  bluetooth.o(.bss)
    recievedJson                             0x200006a8   Data        1024  bluetooth.o(.bss)
    Err                                      0x20000aa8   Data          20  bluetooth.o(.bss)
    Get_Recieved                             0x20000abc   Data        1024  bluetooth.o(.bss)
    receivedata1                             0x20000ebc   Data        1024  bluetooth.o(.bss)
    UUID                                     0x200012bc   Data          30  battery.o(.bss)
    Name                                     0x200012da   Data          12  battery.o(.bss)
    SuperUser_Flash                          0x200012e8   Data         135  flash.o(.bss)
    Rent_Flash_Struct                        0x20001370   Data        1964  flash.o(.bss)
    RentToTime                               0x20001b1c   Data          11  flash.o(.bss)
    __heap_base                              0x20001b30   Data           0  startup_stm32f10x_md.o(HEAP)
    __heap_limit                             0x20003730   Data           0  startup_stm32f10x_md.o(HEAP)
    __initial_sp                             0x20004730   Data           0  startup_stm32f10x_md.o(STACK)



==============================================================================

Memory Map of the image

  Image Entry point : 0x080000ed

  Load Region LR_IROM1 (Base: 0x08000000, Size: 0x00009554, Max: 0x00010000, ABSOLUTE)

    Execution Region ER_IROM1 (Exec base: 0x08000000, Load base: 0x08000000, Size: 0x000094c4, Max: 0x00010000, ABSOLUTE)

    Exec Addr    Load Addr    Size         Type   Attr      Idx    E Section Name        Object

    0x08000000   0x08000000   0x000000ec   Data   RO            3    RESET               startup_stm32f10x_md.o
    0x080000ec   0x080000ec   0x00000000   Code   RO         4646  * .ARM.Collect$$$$00000000  mc_w.l(entry.o)
    0x080000ec   0x080000ec   0x00000004   Code   RO         4994    .ARM.Collect$$$$00000001  mc_w.l(entry2.o)
    0x080000f0   0x080000f0   0x00000004   Code   RO         4997    .ARM.Collect$$$$00000004  mc_w.l(entry5.o)
    0x080000f4   0x080000f4   0x00000000   Code   RO         4999    .ARM.Collect$$$$00000008  mc_w.l(entry7b.o)
    0x080000f4   0x080000f4   0x00000000   Code   RO         5001    .ARM.Collect$$$$0000000A  mc_w.l(entry8b.o)
    0x080000f4   0x080000f4   0x00000008   Code   RO         5002    .ARM.Collect$$$$0000000B  mc_w.l(entry9a.o)
    0x080000fc   0x080000fc   0x00000000   Code   RO         5004    .ARM.Collect$$$$0000000D  mc_w.l(entry10a.o)
    0x080000fc   0x080000fc   0x00000000   Code   RO         5006    .ARM.Collect$$$$0000000F  mc_w.l(entry11a.o)
    0x080000fc   0x080000fc   0x00000004   Code   RO         4995    .ARM.Collect$$$$00002712  mc_w.l(entry2.o)
    0x08000100   0x08000100   0x00000024   Code   RO            4    .text               startup_stm32f10x_md.o
    0x08000124   0x08000124   0x0000000c   PAD
    0x08000130   0x08000130   0x00002fe0   Code   RO         4637    .text               libecc.a(uECC.o)
    0x08003110   0x08003110   0x0000000c   Code   RO         4649    .text               mc_w.l(tolower.o)
    0x0800311c   0x0800311c   0x00000028   Code   RO         4651    .text               mc_w.l(memcpy.o)
    0x08003144   0x08003144   0x00000024   Code   RO         4657    .text               mc_w.l(memseta.o)
    0x08003168   0x08003168   0x00000024   Code   RO         4659    .text               mc_w.l(strstr.o)
    0x0800318c   0x0800318c   0x00000018   Code   RO         4661    .text               mc_w.l(strncpy.o)
    0x080031a4   0x080031a4   0x00000014   Code   RO         4663    .text               mc_w.l(strchr.o)
    0x080031b8   0x080031b8   0x0000000e   Code   RO         4665    .text               mc_w.l(strlen.o)
    0x080031c6   0x080031c6   0x0000001c   Code   RO         4667    .text               mc_w.l(strcmp.o)
    0x080031e2   0x080031e2   0x00000012   Code   RO         4669    .text               mc_w.l(strcpy.o)
    0x080031f4   0x080031f4   0x0000001e   Code   RO         4671    .text               mc_w.l(strncmp.o)
    0x08003212   0x08003212   0x00000002   PAD
    0x08003214   0x08003214   0x00000038   Code   RO         4966    .text               mc_w.l(__0sscanf.o)
    0x0800324c   0x0800324c   0x00000360   Code   RO         4968    .text               mc_w.l(scanf_fp.o)
    0x080035ac   0x080035ac   0x00000070   Code   RO         4972    .text               mc_w.l(strtol.o)
    0x0800361c   0x0800361c   0x0000014e   Code   RO         4974    .text               mf_w.l(dadd.o)
    0x0800376a   0x0800376a   0x000000e4   Code   RO         4976    .text               mf_w.l(dmul.o)
    0x0800384e   0x0800384e   0x000000de   Code   RO         4978    .text               mf_w.l(ddiv.o)
    0x0800392c   0x0800392c   0x00000022   Code   RO         4980    .text               mf_w.l(dflti.o)
    0x0800394e   0x0800394e   0x0000001a   Code   RO         4982    .text               mf_w.l(dfltui.o)
    0x08003968   0x08003968   0x0000003e   Code   RO         4984    .text               mf_w.l(dfixi.o)
    0x080039a6   0x080039a6   0x00000026   Code   RO         4986    .text               mf_w.l(f2d.o)
    0x080039cc   0x080039cc   0x00000030   Code   RO         4988    .text               mf_w.l(cdcmple.o)
    0x080039fc   0x080039fc   0x00000030   Code   RO         4990    .text               mf_w.l(cdrcmple.o)
    0x08003a2c   0x08003a2c   0x00000038   Code   RO         4992    .text               mf_w.l(d2f.o)
    0x08003a64   0x08003a64   0x0000002c   Code   RO         5009    .text               mc_w.l(uidiv.o)
    0x08003a90   0x08003a90   0x00000062   Code   RO         5011    .text               mc_w.l(uldiv.o)
    0x08003af2   0x08003af2   0x0000001e   Code   RO         5013    .text               mc_w.l(llshl.o)
    0x08003b10   0x08003b10   0x00000020   Code   RO         5015    .text               mc_w.l(llushr.o)
    0x08003b30   0x08003b30   0x00000024   Code   RO         5017    .text               mc_w.l(llsshr.o)
    0x08003b54   0x08003b54   0x00000008   Code   RO         5019    .text               mc_w.l(ctype_o.o)
    0x08003b5c   0x08003b5c   0x00000012   Code   RO         5041    .text               mc_w.l(isspace_o.o)
    0x08003b6e   0x08003b6e   0x00000002   PAD
    0x08003b70   0x08003b70   0x00000028   Code   RO         5056    .text               mc_w.l(scanf_char.o)
    0x08003b98   0x08003b98   0x00000040   Code   RO         5058    .text               mc_w.l(_sgetc.o)
    0x08003bd8   0x08003bd8   0x0000009e   Code   RO         5060    .text               mc_w.l(_strtoul.o)
    0x08003c76   0x08003c76   0x00000002   PAD
    0x08003c78   0x08003c78   0x0000009c   Code   RO         5062    .text               mc_w.l(strtod.o)
    0x08003d14   0x08003d14   0x00000000   Code   RO         5064    .text               mc_w.l(iusefp.o)
    0x08003d14   0x08003d14   0x0000006e   Code   RO         5065    .text               mf_w.l(fepilogue.o)
    0x08003d82   0x08003d82   0x000000ba   Code   RO         5067    .text               mf_w.l(depilogue.o)
    0x08003e3c   0x08003e3c   0x00000018   Code   RO         5069    .text               mf_w.l(dfltul.o)
    0x08003e54   0x08003e54   0x00000030   Code   RO         5071    .text               mf_w.l(dfixul.o)
    0x08003e84   0x08003e84   0x00000024   Code   RO         5073    .text               mc_w.l(init.o)
    0x08003ea8   0x08003ea8   0x0000001c   Code   RO         5077    .text               mc_w.l(_chval.o)
    0x08003ec4   0x08003ec4   0x0000032c   Code   RO         5079    .text               mc_w.l(_scanf.o)
    0x080041f0   0x080041f0   0x00000024   Code   RO         3292    i.AD2_GetValue      ad.o
    0x08004214   0x08004214   0x00000014   Code   RO          196    i.ADC_AnalogWatchdogCmd  stm32f10x_adc.o
    0x08004228   0x08004228   0x00000010   Code   RO          197    i.ADC_AnalogWatchdogSingleChannelConfig  stm32f10x_adc.o
    0x08004238   0x08004238   0x00000006   Code   RO          198    i.ADC_AnalogWatchdogThresholdsConfig  stm32f10x_adc.o
    0x0800423e   0x0800423e   0x00000016   Code   RO          202    i.ADC_Cmd           stm32f10x_adc.o
    0x08004254   0x08004254   0x00000014   Code   RO          210    i.ADC_GetCalibrationStatus  stm32f10x_adc.o
    0x08004268   0x08004268   0x00000008   Code   RO          211    i.ADC_GetConversionValue  stm32f10x_adc.o
    0x08004270   0x08004270   0x00000012   Code   RO          213    i.ADC_GetFlagStatus  stm32f10x_adc.o
    0x08004282   0x08004282   0x00000014   Code   RO          216    i.ADC_GetResetCalibrationStatus  stm32f10x_adc.o
    0x08004296   0x08004296   0x00000018   Code   RO          219    i.ADC_ITConfig      stm32f10x_adc.o
    0x080042ae   0x080042ae   0x00000002   PAD
    0x080042b0   0x080042b0   0x00000050   Code   RO          220    i.ADC_Init          stm32f10x_adc.o
    0x08004300   0x08004300   0x000000b8   Code   RO          224    i.ADC_RegularChannelConfig  stm32f10x_adc.o
    0x080043b8   0x080043b8   0x0000000a   Code   RO          225    i.ADC_ResetCalibration  stm32f10x_adc.o
    0x080043c2   0x080043c2   0x00000016   Code   RO          227    i.ADC_SoftwareStartConvCmd  stm32f10x_adc.o
    0x080043d8   0x080043d8   0x0000000a   Code   RO          229    i.ADC_StartCalibration  stm32f10x_adc.o
    0x080043e2   0x080043e2   0x00000002   PAD
    0x080043e4   0x080043e4   0x00000150   Code   RO         3293    i.AD_Init           ad.o
    0x08004534   0x08004534   0x00000044   Code   RO         3657    i.AddPhoneAndChat   flash.o
    0x08004578   0x08004578   0x0000002c   Code   RO         3658    i.All_Struct_Init   flash.o
    0x080045a4   0x080045a4   0x00000018   Code   RO         3495    i.BatteryLock_Reset  battery.o
    0x080045bc   0x080045bc   0x00000010   Code   RO         3496    i.BatteryLock_off   battery.o
    0x080045cc   0x080045cc   0x00000010   Code   RO         3497    i.BatteryLock_on    battery.o
    0x080045dc   0x080045dc   0x00000070   Code   RO         3294    i.BatteryVoltage_get  ad.o
    0x0800464c   0x0800464c   0x00000044   Code   RO         3498    i.Battery_Init      battery.o
    0x08004690   0x08004690   0x00000020   Code   RO         3344    i.BlueAT_SendData   bluetooth.o
    0x080046b0   0x080046b0   0x000000fc   Code   RO         3345    i.Blue_Init         bluetooth.o
    0x080047ac   0x080047ac   0x00000028   Code   RO         3346    i.Blue_check        bluetooth.o
    0x080047d4   0x080047d4   0x00000004   Code   RO         3905    i.BusFault_Handler  stm32f10x_it.o
    0x080047d8   0x080047d8   0x0000003c   Code   RO         3659    i.ChangeSuperUser   flash.o
    0x08004814   0x08004814   0x00000038   Code   RO         3660    i.CheckIfuserExist  flash.o
    0x0800484c   0x0800484c   0x00000044   Code   RO         3499    i.Check_Now_Battery_Lock_State  battery.o
    0x08004890   0x08004890   0x00000030   Code   RO         3295    i.Check_move        ad.o
    0x080048c0   0x080048c0   0x0000002c   Code   RO         3569    i.Controller_Init   controller.o
    0x080048ec   0x080048ec   0x00000010   Code   RO         3570    i.Controller_off    controller.o
    0x080048fc   0x080048fc   0x00000010   Code   RO         3571    i.Controller_on     controller.o
    0x0800490c   0x0800490c   0x00000016   Code   RO         3661    i.ConvertUint_time  flash.o
    0x08004922   0x08004922   0x00000002   PAD
    0x08004924   0x08004924   0x000001a8   Code   RO         3347    i.CreateSendToPhoneJson  bluetooth.o
    0x08004acc   0x08004acc   0x00000054   Code   RO         3348    i.Date_DeviceToPhone  bluetooth.o
    0x08004b20   0x08004b20   0x000000a8   Code   RO         3662    i.DealRentCommand   flash.o
    0x08004bc8   0x08004bc8   0x00000002   Code   RO         3906    i.DebugMon_Handler  stm32f10x_it.o
    0x08004bca   0x08004bca   0x00000018   Code   RO         3196    i.Delay_ms          delay.o
    0x08004be2   0x08004be2   0x0000002e   Code   RO         3198    i.Delay_us          delay.o
    0x08004c10   0x08004c10   0x000000f8   Code   RO         3349    i.DoToCommand       bluetooth.o
    0x08004d08   0x08004d08   0x000003fc   Code   RO         3350    i.DoToTheseJson     bluetooth.o
    0x08005104   0x08005104   0x0000000c   Code   RO         1041    i.FLASH_ClearFlag   stm32f10x_flash.o
    0x08005110   0x08005110   0x0000004c   Code   RO         1046    i.FLASH_ErasePage   stm32f10x_flash.o
    0x0800515c   0x0800515c   0x00000034   Code   RO         1047    i.FLASH_GetBank1Status  stm32f10x_flash.o
    0x08005190   0x08005190   0x00000014   Code   RO         1056    i.FLASH_Lock        stm32f10x_flash.o
    0x080051a4   0x080051a4   0x0000006c   Code   RO         1061    i.FLASH_ProgramWord  stm32f10x_flash.o
    0x08005210   0x08005210   0x00000018   Code   RO         1064    i.FLASH_Unlock      stm32f10x_flash.o
    0x08005228   0x08005228   0x00000026   Code   RO         1068    i.FLASH_WaitForLastOperation  stm32f10x_flash.o
    0x0800524e   0x0800524e   0x00000002   PAD
    0x08005250   0x08005250   0x00000078   Code   RO         3663    i.Flash_AddRentUser  flash.o
    0x080052c8   0x080052c8   0x00000038   Code   RO         3664    i.Flash_Erase       flash.o
    0x08005300   0x08005300   0x0000005c   Code   RO         3665    i.Flash_Rent_WriteStruct  flash.o
    0x0800535c   0x0800535c   0x00000034   Code   RO         3666    i.Flash_Struct_Register  flash.o
    0x08005390   0x08005390   0x0000005c   Code   RO         3667    i.Flash_Super_WriteStruct  flash.o
    0x080053ec   0x080053ec   0x00000024   Code   RO         3668    i.Flash_Write       flash.o
    0x08005410   0x08005410   0x00000116   Code   RO         1347    i.GPIO_Init         stm32f10x_gpio.o
    0x08005526   0x08005526   0x00000012   Code   RO         1351    i.GPIO_ReadInputDataBit  stm32f10x_gpio.o
    0x08005538   0x08005538   0x00000004   Code   RO         1354    i.GPIO_ResetBits    stm32f10x_gpio.o
    0x0800553c   0x0800553c   0x00000004   Code   RO         1355    i.GPIO_SetBits      stm32f10x_gpio.o
    0x08005540   0x08005540   0x00000044   Code   RO         3500    i.GetUniqueID       battery.o
    0x08005584   0x08005584   0x00000030   Code   RO         3501    i.Get_BatteryLockState  battery.o
    0x080055b4   0x080055b4   0x00000004   Code   RO         3907    i.HardFault_Handler  stm32f10x_it.o
    0x080055b8   0x080055b8   0x00000010   Code   RO         1665    i.IWDG_Enable       stm32f10x_iwdg.o
    0x080055c8   0x080055c8   0x00000008   Code   RO         3839    i.IWDG_Feed         fault.o
    0x080055d0   0x080055d0   0x00000026   Code   RO         3840    i.IWDG_Init         fault.o
    0x080055f6   0x080055f6   0x00000002   PAD
    0x080055f8   0x080055f8   0x00000010   Code   RO         1667    i.IWDG_ReloadCounter  stm32f10x_iwdg.o
    0x08005608   0x08005608   0x0000000c   Code   RO         1668    i.IWDG_SetPrescaler  stm32f10x_iwdg.o
    0x08005614   0x08005614   0x0000000c   Code   RO         1669    i.IWDG_SetReload    stm32f10x_iwdg.o
    0x08005620   0x08005620   0x0000000c   Code   RO         1670    i.IWDG_WriteAccessCmd  stm32f10x_iwdg.o
    0x0800562c   0x0800562c   0x00000004   Code   RO         3908    i.MemManage_Handler  stm32f10x_it.o
    0x08005630   0x08005630   0x00000002   Code   RO         3909    i.NMI_Handler       stm32f10x_it.o
    0x08005632   0x08005632   0x00000002   PAD
    0x08005634   0x08005634   0x00000070   Code   RO          137    i.NVIC_Init         misc.o
    0x080056a4   0x080056a4   0x00000014   Code   RO          138    i.NVIC_PriorityGroupConfig  misc.o
    0x080056b8   0x080056b8   0x000000b4   Code   RO         3669    i.Parse_PhoneAndChat  flash.o
    0x0800576c   0x0800576c   0x00000002   Code   RO         3910    i.PendSV_Handler    stm32f10x_it.o
    0x0800576e   0x0800576e   0x00000002   PAD
    0x08005770   0x08005770   0x00000018   Code   RO         1773    i.RCC_ADCCLKConfig  stm32f10x_rcc.o
    0x08005788   0x08005788   0x00000020   Code   RO         1775    i.RCC_APB1PeriphClockCmd  stm32f10x_rcc.o
    0x080057a8   0x080057a8   0x00000020   Code   RO         1777    i.RCC_APB2PeriphClockCmd  stm32f10x_rcc.o
    0x080057c8   0x080057c8   0x000000d4   Code   RO         1785    i.RCC_GetClocksFreq  stm32f10x_rcc.o
    0x0800589c   0x0800589c   0x00000050   Code   RO         3670    i.Read_FLASH_Rent_Struct  flash.o
    0x080058ec   0x080058ec   0x00000050   Code   RO         3671    i.Read_FLASH_Super_Struct  flash.o
    0x0800593c   0x0800593c   0x00000002   Code   RO         3911    i.SVC_Handler       stm32f10x_it.o
    0x0800593e   0x0800593e   0x00000002   PAD
    0x08005940   0x08005940   0x000000a8   Code   RO         3672    i.Save_NowFlashStruct  flash.o
    0x080059e8   0x080059e8   0x00000060   Code   RO         3673    i.Save_RentUser_Struct  flash.o
    0x08005a48   0x08005a48   0x00000016   Code   RO         3351    i.Send_AT_Command   bluetooth.o
    0x08005a5e   0x08005a5e   0x00000002   PAD
    0x08005a60   0x08005a60   0x00000010   Code   RO         3352    i.Send_CommandFlashCarve  bluetooth.o
    0x08005a70   0x08005a70   0x00000010   Code   RO         3353    i.Send_CommandOver  bluetooth.o
    0x08005a80   0x08005a80   0x00000010   Code   RO         3354    i.Send_CommandStart  bluetooth.o
    0x08005a90   0x08005a90   0x000000b8   Code   RO         3220    i.Serial_Init       serial.o
    0x08005b48   0x08005b48   0x0000001a   Code   RO         3223    i.Serial_SendArray  serial.o
    0x08005b62   0x08005b62   0x00000002   PAD
    0x08005b64   0x08005b64   0x00000020   Code   RO         3224    i.Serial_SendByte   serial.o
    0x08005b84   0x08005b84   0x00000008   Code   RO           24    i.SetSysClock       system_stm32f10x.o
    0x08005b8c   0x08005b8c   0x000000e0   Code   RO           25    i.SetSysClockTo72   system_stm32f10x.o
    0x08005c6c   0x08005c6c   0x00000002   Code   RO         3912    i.SysTick_Handler   stm32f10x_it.o
    0x08005c6e   0x08005c6e   0x00000002   PAD
    0x08005c70   0x08005c70   0x00000060   Code   RO           27    i.SystemInit        system_stm32f10x.o
    0x08005cd0   0x08005cd0   0x00000024   Code   RO         3355    i.TIM2_IRQHandler   bluetooth.o
    0x08005cf4   0x08005cf4   0x00000006   Code   RO         2416    i.TIM_ClearITPendingBit  stm32f10x_tim.o
    0x08005cfa   0x08005cfa   0x00000018   Code   RO         2421    i.TIM_Cmd           stm32f10x_tim.o
    0x08005d12   0x08005d12   0x00000022   Code   RO         2442    i.TIM_GetITStatus   stm32f10x_tim.o
    0x08005d34   0x08005d34   0x00000012   Code   RO         2446    i.TIM_ITConfig      stm32f10x_tim.o
    0x08005d46   0x08005d46   0x00000002   PAD
    0x08005d48   0x08005d48   0x000000a4   Code   RO         2492    i.TIM_TimeBaseInit  stm32f10x_tim.o
    0x08005dec   0x08005dec   0x00000066   Code   RO         3356    i.TimeClock_Init    bluetooth.o
    0x08005e52   0x08005e52   0x00000002   PAD
    0x08005e54   0x08005e54   0x000000a0   Code   RO         3227    i.USART1_IRQHandler  serial.o
    0x08005ef4   0x08005ef4   0x0000010c   Code   RO         3357    i.USART3_IRQHandler  bluetooth.o
    0x08006000   0x08006000   0x0000001e   Code   RO         2957    i.USART_ClearITPendingBit  stm32f10x_usart.o
    0x0800601e   0x0800601e   0x00000018   Code   RO         2960    i.USART_Cmd         stm32f10x_usart.o
    0x08006036   0x08006036   0x0000001a   Code   RO         2963    i.USART_GetFlagStatus  stm32f10x_usart.o
    0x08006050   0x08006050   0x00000054   Code   RO         2964    i.USART_GetITStatus  stm32f10x_usart.o
    0x080060a4   0x080060a4   0x0000004a   Code   RO         2966    i.USART_ITConfig    stm32f10x_usart.o
    0x080060ee   0x080060ee   0x00000002   PAD
    0x080060f0   0x080060f0   0x000000d8   Code   RO         2967    i.USART_Init        stm32f10x_usart.o
    0x080061c8   0x080061c8   0x0000000a   Code   RO         2974    i.USART_ReceiveData  stm32f10x_usart.o
    0x080061d2   0x080061d2   0x00000008   Code   RO         2977    i.USART_SendData    stm32f10x_usart.o
    0x080061da   0x080061da   0x00000002   PAD
    0x080061dc   0x080061dc   0x00000078   Code   RO         3674    i.UpdateUser        flash.o
    0x08006254   0x08006254   0x0000001c   Code   RO         3675    i.Update_Struct_ChatNumber  flash.o
    0x08006270   0x08006270   0x0000001c   Code   RO         3676    i.Update_Struct_DeviceName  flash.o
    0x0800628c   0x0800628c   0x0000001c   Code   RO         3677    i.Update_Struct_PhoneNumber  flash.o
    0x080062a8   0x080062a8   0x0000001c   Code   RO         3678    i.Update_Struct_WalletAddress  flash.o
    0x080062c4   0x080062c4   0x00000004   Code   RO         3913    i.UsageFault_Handler  stm32f10x_it.o
    0x080062c8   0x080062c8   0x00000078   Code   RO         3679    i.VerifyIf_RentUser  flash.o
    0x08006340   0x08006340   0x0000002c   Code   RO         3680    i.VerifyIf_Superser  flash.o
    0x0800636c   0x0800636c   0x00000074   Code   RO         3358    i.Verify_Time       bluetooth.o
    0x080063e0   0x080063e0   0x0000001c   Code   RO         3359    i.Verify_UUID       bluetooth.o
    0x080063fc   0x080063fc   0x00000030   Code   RO         4911    i.__0snprintf       mc_w.l(printfa.o)
    0x0800642c   0x0800642c   0x00000028   Code   RO         4912    i.__0sprintf        mc_w.l(printfa.o)
    0x08006454   0x08006454   0x00000008   Code   RO         5049    i.__aeabi_errno_addr  mc_w.l(errno.o)
    0x0800645c   0x0800645c   0x0000005c   Code   RO         4942    i.__free$realloc    mc_w.l(mallocr.o)
    0x080064b8   0x080064b8   0x00000050   Code   RO         4943    i.__malloc$realloc  mc_w.l(mallocr.o)
    0x08006508   0x08006508   0x0000000e   Code   RO         5086    i.__scatterload_copy  mc_w.l(handlers.o)
    0x08006516   0x08006516   0x00000002   Code   RO         5087    i.__scatterload_null  mc_w.l(handlers.o)
    0x08006518   0x08006518   0x0000000e   Code   RO         5088    i.__scatterload_zeroinit  mc_w.l(handlers.o)
    0x08006526   0x08006526   0x00000002   PAD
    0x08006528   0x08006528   0x00000184   Code   RO         4917    i._fp_digits        mc_w.l(printfa.o)
    0x080066ac   0x080066ac   0x0000000e   Code   RO         4970    i._is_digit         mc_w.l(scanf_fp.o)
    0x080066ba   0x080066ba   0x00000002   PAD
    0x080066bc   0x080066bc   0x000006dc   Code   RO         4918    i._printf_core      mc_w.l(printfa.o)
    0x08006d98   0x08006d98   0x00000024   Code   RO         4919    i._printf_post_padding  mc_w.l(printfa.o)
    0x08006dbc   0x08006dbc   0x0000002e   Code   RO         4920    i._printf_pre_padding  mc_w.l(printfa.o)
    0x08006dea   0x08006dea   0x00000016   Code   RO         4921    i._snputc           mc_w.l(printfa.o)
    0x08006e00   0x08006e00   0x0000000a   Code   RO         4922    i._sputc            mc_w.l(printfa.o)
    0x08006e0a   0x08006e0a   0x00000036   Code   RO         3968    i.add_item_to_array  cjson.o
    0x08006e40   0x08006e40   0x0000007a   Code   RO         3969    i.add_item_to_object  cjson.o
    0x08006eba   0x08006eba   0x0000002e   Code   RO         3615    i.beep              beep.o
    0x08006ee8   0x08006ee8   0x0000002c   Code   RO         3616    i.beep_Init         beep.o
    0x08006f14   0x08006f14   0x00000040   Code   RO         3617    i.beep_lock         beep.o
    0x08006f54   0x08006f54   0x00000010   Code   RO         3618    i.beep_off          beep.o
    0x08006f64   0x08006f64   0x00000010   Code   RO         3619    i.beep_on           beep.o
    0x08006f74   0x08006f74   0x00000040   Code   RO         3620    i.beep_unlock       beep.o
    0x08006fb4   0x08006fb4   0x00000048   Code   RO         3970    i.buffer_skip_whitespace  cjson.o
    0x08006ffc   0x08006ffc   0x0000003c   Code   RO         3980    i.cJSON_AddNumberToObject  cjson.o
    0x08007038   0x08007038   0x00000034   Code   RO         3983    i.cJSON_AddStringToObject  cjson.o
    0x0800706c   0x0800706c   0x00000064   Code   RO         3994    i.cJSON_CreateNumber  cjson.o
    0x080070d0   0x080070d0   0x00000018   Code   RO         3995    i.cJSON_CreateObject  cjson.o
    0x080070e8   0x080070e8   0x00000034   Code   RO         3998    i.cJSON_CreateString  cjson.o
    0x0800711c   0x0800711c   0x00000060   Code   RO         4002    i.cJSON_Delete      cjson.o
    0x0800717c   0x0800717c   0x00000010   Code   RO         4014    i.cJSON_GetErrorPtr  cjson.o
    0x0800718c   0x0800718c   0x00000012   Code   RO         4016    i.cJSON_GetObjectItem  cjson.o
    0x0800719e   0x0800719e   0x00000016   Code   RO         4027    i.cJSON_IsNumber    cjson.o
    0x080071b4   0x080071b4   0x00000016   Code   RO         4030    i.cJSON_IsString    cjson.o
    0x080071ca   0x080071ca   0x0000001a   Code   RO         4033    i.cJSON_New_Item    cjson.o
    0x080071e4   0x080071e4   0x00000010   Code   RO         4034    i.cJSON_Parse       cjson.o
    0x080071f4   0x080071f4   0x000000d4   Code   RO         4036    i.cJSON_ParseWithLengthOpts  cjson.o
    0x080072c8   0x080072c8   0x00000028   Code   RO         4037    i.cJSON_ParseWithOpts  cjson.o
    0x080072f0   0x080072f0   0x00000014   Code   RO         4041    i.cJSON_PrintUnformatted  cjson.o
    0x08007304   0x08007304   0x00000038   Code   RO         4051    i.cJSON_strdup      cjson.o
    0x0800733c   0x0800733c   0x00000048   Code   RO         4052    i.case_insensitive_strcmp  cjson.o
    0x08007384   0x08007384   0x00000002   Code   RO         4053    i.cast_away_const   cjson.o
    0x08007386   0x08007386   0x00000002   PAD
    0x08007388   0x08007388   0x000000d0   Code   RO         3502    i.changeDeviceName  battery.o
    0x08007458   0x08007458   0x0000008c   Code   RO         3503    i.checkBatteryCommand  battery.o
    0x080074e4   0x080074e4   0x00000020   Code   RO         3681    i.checkUserValid    flash.o
    0x08007504   0x08007504   0x0000005c   Code   RO         3682    i.cleanIllegalUser  flash.o
    0x08007560   0x08007560   0x00000074   Code   RO         4054    i.compare_double    cjson.o
    0x080075d4   0x080075d4   0x000000cc   Code   RO         3360    i.createFlashToPhoneJson  bluetooth.o
    0x080076a0   0x080076a0   0x000000b8   Code   RO         4056    i.ensure            cjson.o
    0x08007758   0x08007758   0x00000004   Code   RO         4058    i.get_decimal_point  cjson.o
    0x0800775c   0x0800775c   0x00000052   Code   RO         4059    i.get_object_item   cjson.o
    0x080077ae   0x080077ae   0x00000002   PAD
    0x080077b0   0x080077b0   0x00000050   Code   RO         4944    i.internal_alloc    mc_w.l(mallocr.o)
    0x08007800   0x08007800   0x00000230   Code   RO         3857    i.main              main.o
    0x08007a30   0x08007a30   0x00000180   Code   RO         3361    i.parse_ALLJSON     bluetooth.o
    0x08007bb0   0x08007bb0   0x000000f8   Code   RO         4061    i.parse_array       cjson.o
    0x08007ca8   0x08007ca8   0x0000005a   Code   RO         4062    i.parse_hex4        cjson.o
    0x08007d02   0x08007d02   0x00000002   PAD
    0x08007d04   0x08007d04   0x00000138   Code   RO         4063    i.parse_number      cjson.o
    0x08007e3c   0x08007e3c   0x0000014c   Code   RO         4064    i.parse_object      cjson.o
    0x08007f88   0x08007f88   0x0000018e   Code   RO         4065    i.parse_string      cjson.o
    0x08008116   0x08008116   0x00000002   PAD
    0x08008118   0x08008118   0x0000013c   Code   RO         4066    i.parse_value       cjson.o
    0x08008254   0x08008254   0x000000bc   Code   RO         4067    i.print             cjson.o
    0x08008310   0x08008310   0x000000b2   Code   RO         4068    i.print_array       cjson.o
    0x080083c2   0x080083c2   0x00000002   PAD
    0x080083c4   0x080083c4   0x00000154   Code   RO         4069    i.print_number      cjson.o
    0x08008518   0x08008518   0x00000174   Code   RO         4070    i.print_object      cjson.o
    0x0800868c   0x0800868c   0x00000010   Code   RO         4071    i.print_string      cjson.o
    0x0800869c   0x0800869c   0x00000174   Code   RO         4072    i.print_string_ptr  cjson.o
    0x08008810   0x08008810   0x00000104   Code   RO         4073    i.print_value       cjson.o
    0x08008914   0x08008914   0x00000006   Code   RO         3683    i.read_Flash        flash.o
    0x0800891a   0x0800891a   0x00000002   PAD
    0x0800891c   0x0800891c   0x0000006c   Code   RO         4945    i.realloc           mc_w.l(mallocr.o)
    0x08008988   0x08008988   0x0000003c   Code   RO         4077    i.skip_utf8_bom     cjson.o
    0x080089c4   0x080089c4   0x0000001c   Code   RO         4643    i.strtod            m_ws.l(strtod.o)
    0x080089e0   0x080089e0   0x00000006   Code   RO         4078    i.suffix_object     cjson.o
    0x080089e6   0x080089e6   0x00000030   Code   RO         3572    i.unLockBikeCommand1  controller.o
    0x08008a16   0x08008a16   0x00000036   Code   RO         3573    i.unLockBikeCommand2  controller.o
    0x08008a4c   0x08008a4c   0x00000036   Code   RO         3574    i.unLockBikeCommand3  controller.o
    0x08008a82   0x08008a82   0x00000024   Code   RO         4079    i.update_offset     cjson.o
    0x08008aa6   0x08008aa6   0x0000012c   Code   RO         4080    i.utf16_literal_to_utf8  cjson.o
    0x08008bd2   0x08008bd2   0x00000081   Data   RO         5020    .constdata          mc_w.l(ctype_o.o)
    0x08008c53   0x08008c53   0x00000001   PAD
    0x08008c54   0x08008c54   0x00000004   Data   RO         5021    .constdata          mc_w.l(ctype_o.o)
    0x08008c58   0x08008c58   0x00000844   Data   RO         4641    .rodata             libecc.a(uECC.o)
    0x0800949c   0x0800949c   0x00000008   Data   RO         4640    .rodata.str1.1      libecc.a(uECC.o)
    0x080094a4   0x080094a4   0x00000020   Data   RO         5084    Region$$Table       anon$$obj.o


    Execution Region RW_IRAM1 (Exec base: 0x20000000, Load base: 0x080094c4, Size: 0x00004730, Max: 0x00005000, ABSOLUTE)

    Exec Addr    Load Addr    Size         Type   Attr      Idx    E Section Name        Object

    0x20000000   0x080094c4   0x00000014   Data   RW         1805    .data               stm32f10x_rcc.o
    0x20000014   0x080094d8   0x00000003   Data   RW         3230    .data               serial.o
    0x20000017   0x080094db   0x00000001   PAD
    0x20000018   0x080094dc   0x00000018   Data   RW         3296    .data               ad.o
    0x20000030   0x080094f4   0x0000001c   Data   RW         3363    .data               bluetooth.o
    0x2000004c   0x08009510   0x00000008   Data   RW         3505    .data               battery.o
    0x20000054   0x08009518   0x0000000c   Data   RW         3685    .data               flash.o
    0x20000060   0x08009524   0x00000010   Data   RW         3858    .data               main.o
    0x20000070   0x08009534   0x00000014   Data   RW         4082    .data               cjson.o
    0x20000084   0x08009548   0x00000004   Data   RW         5047    .data               mc_w.l(mvars.o)
    0x20000088   0x0800954c   0x00000004   Data   RW         5048    .data               mc_w.l(mvars.o)
    0x2000008c   0x08009550   0x00000004   Data   RW         5052    .data               mc_w.l(errno.o)
    0x20000090        -       0x000003e8   Zero   RW         3229    .bss                serial.o
    0x20000478        -       0x00000e44   Zero   RW         3362    .bss                bluetooth.o
    0x200012bc        -       0x0000002a   Zero   RW         3504    .bss                battery.o
    0x200012e6   0x08009554   0x00000002   PAD
    0x200012e8        -       0x0000083f   Zero   RW         3684    .bss                flash.o
    0x20001b27   0x08009554   0x00000001   PAD
    0x20001b28        -       0x00000004   Zero   RW         4639    .bss                libecc.a(uECC.o)
    0x20001b2c   0x08009554   0x00000004   PAD
    0x20001b30        -       0x00001c00   Zero   RW            2    HEAP                startup_stm32f10x_md.o
    0x20003730        -       0x00001000   Zero   RW            1    STACK               startup_stm32f10x_md.o


==============================================================================

Image component sizes


      Code (inc. data)   RO Data    RW Data    ZI Data      Debug   Object Name

       532         62          0         24          0       2865   ad.o
       656        214          0          8         42       5344   battery.o
       250         14          0          0          0       3126   beep.o
      3308        718          0         28       3652      16603   bluetooth.o
      5364        186          0         20          0      37130   cjson.o
       232         14          0          0          0       2778   controller.o
         0          0          0          0          0       4508   core_cm3.o
        70          0          0          0          0        890   delay.o
        46          0          0          0          0        828   fault.o
      1996        220          0         12       2111      21105   flash.o
       560         34          0         16          0       1179   main.o
       132         22          0          0          0     213663   misc.o
       402         34          0          3       1000       2875   serial.o
        36          8        236          0      11264        800   startup_stm32f10x_md.o
       460         14          0          0          0      20325   stm32f10x_adc.o
       330         38          0          0          0      11212   stm32f10x_flash.o
       304          0          0          0          0      11684   stm32f10x_gpio.o
        26          0          0          0          0       3578   stm32f10x_it.o
        68         30          0          0          0       2202   stm32f10x_iwdg.o
       300         38          0         20          0      13349   stm32f10x_rcc.o
       246         42          0          0          0      23518   stm32f10x_tim.o
       472          6          0          0          0      12299   stm32f10x_usart.o
       328         28          0          0          0      45073   system_stm32f10x.o

    ----------------------------------------------------------------------
     16172       1734        268        132      18072     456934   Object Totals
         0          0         32          0          0          0   (incl. Generated)
        54         12          0          1          3          0   (incl. Padding)

    ----------------------------------------------------------------------

      Code (inc. data)   RO Data    RW Data    ZI Data      Debug   Library Member Name

     12256        108       2124          0          4          0   uECC.o
        28          0          0          0          0         80   strtod.o
        56          8          0          0          0         84   __0sscanf.o
        28          0          0          0          0         68   _chval.o
       812          4          0          0          0        112   _scanf.o
        64          0          0          0          0         84   _sgetc.o
       158          0          0          0          0         92   _strtoul.o
         8          4        133          0          0         68   ctype_o.o
         0          0          0          0          0          0   entry.o
         0          0          0          0          0          0   entry10a.o
         0          0          0          0          0          0   entry11a.o
         8          4          0          0          0          0   entry2.o
         4          0          0          0          0          0   entry5.o
         0          0          0          0          0          0   entry7b.o
         0          0          0          0          0          0   entry8b.o
         8          4          0          0          0          0   entry9a.o
         8          4          0          4          0         68   errno.o
        30          0          0          0          0          0   handlers.o
        36          8          0          0          0         68   init.o
        18          0          0          0          0         76   isspace_o.o
         0          0          0          0          0          0   iusefp.o
        30          0          0          0          0         68   llshl.o
        36          0          0          0          0         68   llsshr.o
        32          0          0          0          0         68   llushr.o
       360         30          0          0          0        356   mallocr.o
        40          0          0          0          0         76   memcpy.o
        36          0          0          0          0        108   memseta.o
         0          0          0          8          0          0   mvars.o
      2346         90          0          0          0        672   printfa.o
        40          8          0          0          0         84   scanf_char.o
       878         12          0          0          0        216   scanf_fp.o
        20          0          0          0          0         68   strchr.o
        28          0          0          0          0         76   strcmp.o
        18          0          0          0          0         68   strcpy.o
        14          0          0          0          0         68   strlen.o
        30          0          0          0          0         80   strncmp.o
        24          0          0          0          0         76   strncpy.o
        36          0          0          0          0         80   strstr.o
       156         12          0          0          0        120   strtod.o
       112          0          0          0          0         88   strtol.o
        12          0          0          0          0         68   tolower.o
        44          0          0          0          0         80   uidiv.o
        98          0          0          0          0         92   uldiv.o
        48          0          0          0          0         68   cdcmple.o
        48          0          0          0          0         68   cdrcmple.o
        56          0          0          0          0         88   d2f.o
       334          0          0          0          0        148   dadd.o
       222          0          0          0          0        100   ddiv.o
       186          0          0          0          0        176   depilogue.o
        62          0          0          0          0         80   dfixi.o
        48          0          0          0          0         68   dfixul.o
        34          0          0          0          0         76   dflti.o
        26          0          0          0          0         76   dfltui.o
        24          0          0          0          0         76   dfltul.o
       228          0          0          0          0         96   dmul.o
        38          0          0          0          0         68   f2d.o
       110          0          0          0          0        168   fepilogue.o

    ----------------------------------------------------------------------
     19386        296       2258         12          8       4836   Library Totals
        10          0          1          0          4          0   (incl. Padding)

    ----------------------------------------------------------------------

      Code (inc. data)   RO Data    RW Data    ZI Data      Debug   Library Name

     12256        108       2124          0          4          0   libecc.a
        28          0          0          0          0         80   m_ws.l
      5628        188        133         12          0       3400   mc_w.l
      1464          0          0          0          0       1356   mf_w.l

    ----------------------------------------------------------------------
     19386        296       2258         12          8       4836   Library Totals

    ----------------------------------------------------------------------

==============================================================================


      Code (inc. data)   RO Data    RW Data    ZI Data      Debug   

     35558       2030       2526        144      18080     449910   Grand Totals
     35558       2030       2526        144      18080     449910   ELF Image Totals
     35558       2030       2526        144          0          0   ROM Totals

==============================================================================

    Total RO  Size (Code + RO Data)                38084 (  37.19kB)
    Total RW  Size (RW Data + ZI Data)             18224 (  17.80kB)
    Total ROM Size (Code + RO Data + RW Data)      38228 (  37.33kB)

==============================================================================

